Archive member included to satisfy reference by file (symbol)

/usr/lib/gcc/arm-none-eabi/9.2.1/thumb/v6-m/nofp/libgcc.a(_dvmd_tls.o)
                              CMakeFiles/SAM-M8Q.dir/home/jackmolter/pico/pico-sdk/src/rp2_common/pico_divider/divider.S.obj (__aeabi_idiv0)
/usr/lib/gcc/arm-none-eabi/9.2.1/../../../arm-none-eabi/lib/thumb/v6-m/nofp/libc.a(lib_a-atexit.o)
                              /usr/lib/gcc/arm-none-eabi/9.2.1/../../../arm-none-eabi/lib/thumb/v6-m/nofp/crt0.o (atexit)
/usr/lib/gcc/arm-none-eabi/9.2.1/../../../arm-none-eabi/lib/thumb/v6-m/nofp/libc.a(lib_a-calloc.o)
                              CMakeFiles/SAM-M8Q.dir/home/jackmolter/pico/pico-sdk/src/rp2_common/pico_malloc/pico_malloc.c.obj (calloc)
/usr/lib/gcc/arm-none-eabi/9.2.1/../../../arm-none-eabi/lib/thumb/v6-m/nofp/libc.a(lib_a-callocr.o)
                              /usr/lib/gcc/arm-none-eabi/9.2.1/../../../arm-none-eabi/lib/thumb/v6-m/nofp/libc.a(lib_a-calloc.o) (_calloc_r)
/usr/lib/gcc/arm-none-eabi/9.2.1/../../../arm-none-eabi/lib/thumb/v6-m/nofp/libc.a(lib_a-fini.o)
                              /usr/lib/gcc/arm-none-eabi/9.2.1/../../../arm-none-eabi/lib/thumb/v6-m/nofp/crt0.o (__libc_fini_array)
/usr/lib/gcc/arm-none-eabi/9.2.1/../../../arm-none-eabi/lib/thumb/v6-m/nofp/libc.a(lib_a-impure.o)
                              /usr/lib/gcc/arm-none-eabi/9.2.1/../../../arm-none-eabi/lib/thumb/v6-m/nofp/libc.a(lib_a-calloc.o) (_impure_ptr)
/usr/lib/gcc/arm-none-eabi/9.2.1/../../../arm-none-eabi/lib/thumb/v6-m/nofp/libc.a(lib_a-init.o)
                              /usr/lib/gcc/arm-none-eabi/9.2.1/../../../arm-none-eabi/lib/thumb/v6-m/nofp/crt0.o (__libc_init_array)
/usr/lib/gcc/arm-none-eabi/9.2.1/../../../arm-none-eabi/lib/thumb/v6-m/nofp/libc.a(lib_a-malloc.o)
                              CMakeFiles/SAM-M8Q.dir/home/jackmolter/pico/pico-sdk/src/rp2_common/pico_malloc/pico_malloc.c.obj (malloc)
/usr/lib/gcc/arm-none-eabi/9.2.1/../../../arm-none-eabi/lib/thumb/v6-m/nofp/libc.a(lib_a-mallocr.o)
                              /usr/lib/gcc/arm-none-eabi/9.2.1/../../../arm-none-eabi/lib/thumb/v6-m/nofp/libc.a(lib_a-callocr.o) (_malloc_r)
/usr/lib/gcc/arm-none-eabi/9.2.1/../../../arm-none-eabi/lib/thumb/v6-m/nofp/libc.a(lib_a-mlock.o)
                              /usr/lib/gcc/arm-none-eabi/9.2.1/../../../arm-none-eabi/lib/thumb/v6-m/nofp/libc.a(lib_a-mallocr.o) (__malloc_lock)
/usr/lib/gcc/arm-none-eabi/9.2.1/../../../arm-none-eabi/lib/thumb/v6-m/nofp/libc.a(lib_a-sbrkr.o)
                              /usr/lib/gcc/arm-none-eabi/9.2.1/../../../arm-none-eabi/lib/thumb/v6-m/nofp/libc.a(lib_a-mallocr.o) (_sbrk_r)
/usr/lib/gcc/arm-none-eabi/9.2.1/../../../arm-none-eabi/lib/thumb/v6-m/nofp/libc.a(lib_a-strlen-stub.o)
                              CMakeFiles/SAM-M8Q.dir/GPS.c.obj (strlen)
/usr/lib/gcc/arm-none-eabi/9.2.1/../../../arm-none-eabi/lib/thumb/v6-m/nofp/libc.a(lib_a-strncmp.o)
                              CMakeFiles/SAM-M8Q.dir/lwgps.c.obj (strncmp)
/usr/lib/gcc/arm-none-eabi/9.2.1/../../../arm-none-eabi/lib/thumb/v6-m/nofp/libc.a(lib_a-strtod.o)
                              CMakeFiles/SAM-M8Q.dir/lwgps.c.obj (strtod)
/usr/lib/gcc/arm-none-eabi/9.2.1/../../../arm-none-eabi/lib/thumb/v6-m/nofp/libc.a(lib_a-__atexit.o)
                              /usr/lib/gcc/arm-none-eabi/9.2.1/../../../arm-none-eabi/lib/thumb/v6-m/nofp/libc.a(lib_a-atexit.o) (__register_exitproc)
/usr/lib/gcc/arm-none-eabi/9.2.1/../../../arm-none-eabi/lib/thumb/v6-m/nofp/libc.a(lib_a-freer.o)
                              /usr/lib/gcc/arm-none-eabi/9.2.1/../../../arm-none-eabi/lib/thumb/v6-m/nofp/libc.a(lib_a-malloc.o) (_free_r)
/usr/lib/gcc/arm-none-eabi/9.2.1/../../../arm-none-eabi/lib/thumb/v6-m/nofp/libc.a(lib_a-gdtoa-gethex.o)
                              /usr/lib/gcc/arm-none-eabi/9.2.1/../../../arm-none-eabi/lib/thumb/v6-m/nofp/libc.a(lib_a-strtod.o) (__gethex)
/usr/lib/gcc/arm-none-eabi/9.2.1/../../../arm-none-eabi/lib/thumb/v6-m/nofp/libc.a(lib_a-gdtoa-hexnan.o)
                              /usr/lib/gcc/arm-none-eabi/9.2.1/../../../arm-none-eabi/lib/thumb/v6-m/nofp/libc.a(lib_a-strtod.o) (__match)
/usr/lib/gcc/arm-none-eabi/9.2.1/../../../arm-none-eabi/lib/thumb/v6-m/nofp/libc.a(lib_a-lnumeric.o)
                              /usr/lib/gcc/arm-none-eabi/9.2.1/../../../arm-none-eabi/lib/thumb/v6-m/nofp/libc.a(lib_a-strtod.o) (_C_numeric_locale)
/usr/lib/gcc/arm-none-eabi/9.2.1/../../../arm-none-eabi/lib/thumb/v6-m/nofp/libc.a(lib_a-locale.o)
                              /usr/lib/gcc/arm-none-eabi/9.2.1/../../../arm-none-eabi/lib/thumb/v6-m/nofp/libc.a(lib_a-strtod.o) (__global_locale)
/usr/lib/gcc/arm-none-eabi/9.2.1/../../../arm-none-eabi/lib/thumb/v6-m/nofp/libc.a(lib_a-mbtowc_r.o)
                              /usr/lib/gcc/arm-none-eabi/9.2.1/../../../arm-none-eabi/lib/thumb/v6-m/nofp/libc.a(lib_a-locale.o) (__ascii_mbtowc)
/usr/lib/gcc/arm-none-eabi/9.2.1/../../../arm-none-eabi/lib/thumb/v6-m/nofp/libc.a(lib_a-mprec.o)
[...]
Memory Configuration

Name             Origin             Length             Attributes
FLASH            0x0000000010000000 0x0000000000200000 xr
RAM              0x0000000020000000 0x0000000000040000 xrw
SCRATCH_X        0x0000000020040000 0x0000000000001000 xrw
SCRATCH_Y        0x0000000020041000 0x0000000000001000 xrw
*default*        0x0000000000000000 0xffffffffffffffff

Linker script and memory map

LOAD /usr/lib/gcc/arm-none-eabi/9.2.1/thumb/v6-m/nofp/crti.o
LOAD /usr/lib/gcc/arm-none-eabi/9.2.1/thumb/v6-m/nofp/crtbegin.o
LOAD /usr/lib/gcc/arm-none-eabi/9.2.1/../../../arm-none-eabi/lib/thumb/v6-m/nofp/crt0.o

.flash_begin    0x0000000010000000        0x0
                0x0000000010000000                __flash_binary_start = .

.boot2          0x0000000010000000      0x100
                0x0000000010000000                __boot2_start__ = .
 *(.boot2)
 .boot2         0x0000000010000000      0x100 /tmp/cciC0LkK.o
                0x0000000010000100                __boot2_end__ = .
                0x0000000000000001                ASSERT (((__boot2_end__ - __boot2_start__) == 0x100), ERROR: Pico second stage bootloader must be 256 bytes in size)

.text           0x0000000010000100     0xa808
                0x0000000010000100                __logical_binary_start = .
 *(.vectors)
 .vectors       0x0000000010000100       0xd4 CMakeFiles/SAM-M8Q.dir/home/jackmolter/pico/pico-sdk/src/rp2_common/pico_standard_link/crt0.S.obj
                0x0000000010000100                __vectors
                0x0000000010000100                __VECTOR_TABLE
                0x00000000100001c0                isr_invalid
                0x00000000100001c0                __default_isrs_start
                0x00000000100001c2                isr_nmi
                0x00000000100001c4                isr_hardfault
                0x00000000100001c6                isr_svcall
                0x00000000100001c8                isr_pendsv
                0x00000000100001ca                isr_systick
                0x00000000100001cc                isr_irq30
                0x00000000100001cc                __unhandled_user_irq
                0x00000000100001cc                isr_irq13
                0x00000000100001cc                isr_irq27
                0x00000000100001cc                isr_irq31
                0x00000000100001cc                isr_irq5
                0x00000000100001cc                isr_irq11
                0x00000000100001cc                isr_irq23
                0x00000000100001cc                isr_irq18
                0x00000000100001cc                isr_irq28
                0x00000000100001cc                isr_irq19
                0x00000000100001cc                isr_irq0
                0x00000000100001cc                isr_irq6
                0x00000000100001cc                isr_irq22
                0x00000000100001cc                isr_irq17
                0x00000000100001cc                isr_irq14
                0x00000000100001cc                isr_irq2
                0x00000000100001cc                isr_irq10
                0x00000000100001cc                isr_irq8
                0x00000000100001cc                isr_irq24
                0x00000000100001cc                isr_irq1
                0x00000000100001cc                isr_irq7
                0x00000000100001cc                isr_irq21
                0x00000000100001cc                isr_irq20
                0x00000000100001cc                isr_irq15
                0x00000000100001cc                isr_irq25
                0x00000000100001cc                isr_irq4
                0x00000000100001cc                isr_irq16
                0x00000000100001cc                isr_irq29
                0x00000000100001cc                isr_irq26
                0x00000000100001cc                __default_isrs_end
                0x00000000100001cc                isr_irq3
                0x00000000100001cc                isr_irq12
                0x00000000100001cc                isr_irq9
                0x00000000100001d2                unhandled_user_irq_num_in_r0
 *(.binary_info_header)
 .binary_info_header
                0x00000000100001d4       0x14 CMakeFiles/SAM-M8Q.dir/home/jackmolter/pico/pico-sdk/src/rp2_common/pico_standard_link/crt0.S.obj
                0x00000000100001e8                __binary_info_header_end = .
 *(.reset)
 .reset         0x00000000100001e8       0xa8 CMakeFiles/SAM-M8Q.dir/home/jackmolter/pico/pico-sdk/src/rp2_common/pico_standard_link/crt0.S.obj
                0x00000000100001e8                _entry_point
                0x0000000010000266                __get_current_exception
 .reset         0x0000000010000290       0x30 CMakeFiles/SAM-M8Q.dir/home/jackmolter/pico/pico-sdk/src/rp2_common/pico_standard_link/binary_info.c.obj
 *(.init)
 .init          0x00000000100002c0        0x4 /usr/lib/gcc/arm-none-eabi/9.2.1/thumb/v6-m/nofp/crti.o
                0x00000000100002c0                _init
 *(EXCLUDE_FILE(*libm.a: *libc.a:*lib_a-mem*.o *libgcc.a:) .text*)
 .text          0x00000000100002c4       0x98 /usr/lib/gcc/arm-none-eabi/9.2.1/thumb/v6-m/nofp/crtbegin.o
 .text.gps_init
                0x000000001000035c       0x24 CMakeFiles/SAM-M8Q.dir/GPS.c.obj
                0x000000001000035c                gps_init
 .text.gps_read_data
                0x0000000010000380       0x40 CMakeFiles/SAM-M8Q.dir/GPS.c.obj
                0x0000000010000380                gps_read_data
 .text.startup.main
                0x00000000100003c0       0x7c CMakeFiles/SAM-M8Q.dir/GPS.c.obj
                0x00000000100003c0                main
 .text.prv_parse_term
                0x000000001000043c      0x5cc CMakeFiles/SAM-M8Q.dir/lwgps.c.obj
 .text.lwgps_init
                0x0000000010000a08       0x10 CMakeFiles/SAM-M8Q.dir/lwgps.c.obj
                0x0000000010000a08                lwgps_init
 .text.lwgps_process
                0x0000000010000a18      0x230 CMakeFiles/SAM-M8Q.dir/lwgps.c.obj
                0x0000000010000a18                lwgps_process
 .text.gpio_set_function
                0x0000000010000c48       0x30 CMakeFiles/SAM-M8Q.dir/home/jackmolter/pico/pico-sdk/src/rp2_common/hardware_gpio/gpio.c.obj
                0x0000000010000c48                gpio_set_function
 .text.hw_claim_or_assert
                0x0000000010000c78       0x48 CMakeFiles/SAM-M8Q.dir/home/jackmolter/pico/pico-sdk/src/rp2_common/hardware_claim/claim.c.obj
                0x0000000010000c78                hw_claim_or_assert
 .text.hw_claim_unused_from_range
                0x0000000010000cc0       0x9c CMakeFiles/SAM-M8Q.dir/home/jackmolter/pico/pico-sdk/src/rp2_common/hardware_claim/claim.c.obj
                0x0000000010000cc0                hw_claim_unused_from_range
 .text.running_on_fpga
                0x0000000010000d5c       0x10 CMakeFiles/SAM-M8Q.dir/home/jackmolter/pico/pico-sdk/src/rp2_common/pico_platform/platform.c.obj
                0x0000000010000d5c                running_on_fpga
 .text.spin_locks_reset
                0x0000000010000d6c       0x1c CMakeFiles/SAM-M8Q.dir/home/jackmolter/pico/pico-sdk/src/rp2_common/hardware_sync/sync.c.obj
                0x0000000010000d6c                spin_locks_reset
 .text.next_striped_spin_lock_num
                0x0000000010000d88       0x18 CMakeFiles/SAM-M8Q.dir/home/jackmolter/pico/pico-sdk/src/rp2_common/hardware_sync/sync.c.obj
                0x0000000010000d88                next_striped_spin_lock_num
 .text.spin_lock_claim_unused
                0x0000000010000da0       0x20 CMakeFiles/SAM-M8Q.dir/home/jackmolter/pico/pico-sdk/src/rp2_common/hardware_sync/sync.c.obj
                0x0000000010000da0                spin_lock_claim_unused
 .text.uart_init
                0x0000000010000dc0       0xe4 CMakeFiles/SAM-M8Q.dir/home/jackmolter/pico/pico-sdk/src/rp2_common/hardware_uart/uart.c.obj
                0x0000000010000dc0                uart_init
 .text.timer_pool_entry_comparator
                0x0000000010000ea4       0x34 CMakeFiles/SAM-M8Q.dir/home/jackmolter/pico/pico-sdk/src/common/pico_time/time.c.obj
                0x0000000010000ea4                timer_pool_entry_comparator
 .text.sleep_until_callback
                0x0000000010000ed8       0x30 CMakeFiles/SAM-M8Q.dir/home/jackmolter/pico/pico-sdk/src/common/pico_time/time.c.obj
 .text.alarm_pool_add_alarm_at.constprop.0
                0x0000000010000f08      0x128 CMakeFiles/SAM-M8Q.dir/home/jackmolter/pico/pico-sdk/src/common/pico_time/time.c.obj
 .text.add_alarm_under_lock
                0x0000000010001030      0x108 CMakeFiles/SAM-M8Q.dir/home/jackmolter/pico/pico-sdk/src/common/pico_time/time.c.obj
 .text.alarm_pool_alarm_callback
                0x0000000010001138      0x1c8 CMakeFiles/SAM-M8Q.dir/home/jackmolter/pico/pico-sdk/src/common/pico_time/time.c.obj
 .text.alarm_pool_init_default
                0x0000000010001300       0x64 CMakeFiles/SAM-M8Q.dir/home/jackmolter/pico/pico-sdk/src/common/pico_time/time.c.obj
                0x0000000010001300                alarm_pool_init_default
 .text.alarm_pool_get_default
                0x0000000010001364        0x8 CMakeFiles/SAM-M8Q.dir/home/jackmolter/pico/pico-sdk/src/common/pico_time/time.c.obj
                0x0000000010001364                alarm_pool_get_default
 .text.alarm_pool_add_alarm_at
                0x000000001000136c      0x1ac CMakeFiles/SAM-M8Q.dir/home/jackmolter/pico/pico-sdk/src/common/pico_time/time.c.obj
                0x000000001000136c                alarm_pool_add_alarm_at
 .text.sleep_until
                0x0000000010001518       0xac CMakeFiles/SAM-M8Q.dir/home/jackmolter/pico/pico-sdk/src/common/pico_time/time.c.obj
                0x0000000010001518                sleep_until
 .text.sleep_ms
                0x00000000100015c4       0x38 CMakeFiles/SAM-M8Q.dir/home/jackmolter/pico/pico-sdk/src/common/pico_time/time.c.obj
                0x00000000100015c4                sleep_ms
 .text.best_effort_wfe_or_timeout
                0x00000000100015fc       0xd4 CMakeFiles/SAM-M8Q.dir/home/jackmolter/pico/pico-sdk/src/common/pico_time/time.c.obj
                0x00000000100015fc                best_effort_wfe_or_timeout
 .text.hardware_alarm_irq_handler
                0x00000000100016d0       0xb8 CMakeFiles/SAM-M8Q.dir/home/jackmolter/pico/pico-sdk/src/rp2_common/hardware_timer/timer.c.obj
 .text.hardware_alarm_claim
                0x0000000010001788       0x18 CMakeFiles/SAM-M8Q.dir/home/jackmolter/pico/pico-sdk/src/rp2_common/hardware_timer/timer.c.obj
                0x0000000010001788                hardware_alarm_claim
 .text.time_us_64
                0x00000000100017a0       0x14 CMakeFiles/SAM-M8Q.dir/home/jackmolter/pico/pico-sdk/src/rp2_common/hardware_timer/timer.c.obj
                0x00000000100017a0                time_us_64
 .text.busy_wait_until
                0x00000000100017b4       0x20 CMakeFiles/SAM-M8Q.dir/home/jackmolter/pico/pico-sdk/src/rp2_common/hardware_timer/timer.c.obj
                0x00000000100017b4                busy_wait_until
 .text.hardware_alarm_set_callback
                0x00000000100017d4       0x8c CMakeFiles/SAM-M8Q.dir/home/jackmolter/pico/pico-sdk/src/rp2_common/hardware_timer/timer.c.obj
                0x00000000100017d4                hardware_alarm_set_callback
 .text.hardware_alarm_set_target
                0x0000000010001860       0xe4 CMakeFiles/SAM-M8Q.dir/home/jackmolter/pico/pico-sdk/src/rp2_common/hardware_timer/timer.c.obj
                0x0000000010001860                hardware_alarm_set_target
 .text.hardware_alarm_cancel
                0x0000000010001944       0x40 CMakeFiles/SAM-M8Q.dir/home/jackmolter/pico/pico-sdk/src/rp2_common/hardware_timer/timer.c.obj
                0x0000000010001944                hardware_alarm_cancel
 .text.lock_init
                0x0000000010001984       0x10 CMakeFiles/SAM-M8Q.dir/home/jackmolter/pico/pico-sdk/src/common/pico_sync/lock_core.c.obj
                0x0000000010001984                lock_init
 .text.mutex_init
                0x0000000010001994       0x1c CMakeFiles/SAM-M8Q.dir/home/jackmolter/pico/pico-sdk/src/common/pico_sync/mutex.c.obj
                0x0000000010001994                mutex_init
 .text.recursive_mutex_init
                0x00000000100019b0       0x1c CMakeFiles/SAM-M8Q.dir/home/jackmolter/pico/pico-sdk/src/common/pico_sync/mutex.c.obj
                0x00000000100019b0                recursive_mutex_init
 .text.critical_section_init
                0x00000000100019cc       0x1c CMakeFiles/SAM-M8Q.dir/home/jackmolter/pico/pico-sdk/src/common/pico_sync/critical_section.c.obj
                0x00000000100019cc                critical_section_init
 .text.ph_merge_nodes
                0x00000000100019e8       0x68 CMakeFiles/SAM-M8Q.dir/home/jackmolter/pico/pico-sdk/src/common/pico_util/pheap.c.obj
 .text.ph_post_alloc_init
                0x0000000010001a50       0x3c CMakeFiles/SAM-M8Q.dir/home/jackmolter/pico/pico-sdk/src/common/pico_util/pheap.c.obj
                0x0000000010001a50                ph_post_alloc_init
 .text.ph_merge_two_pass
                0x0000000010001a8c       0x90 CMakeFiles/SAM-M8Q.dir/home/jackmolter/pico/pico-sdk/src/common/pico_util/pheap.c.obj
                0x0000000010001a8c                ph_merge_two_pass
 .text.ph_remove_any_head
                0x0000000010001b1c       0xf8 CMakeFiles/SAM-M8Q.dir/home/jackmolter/pico/pico-sdk/src/common/pico_util/pheap.c.obj
 .text.ph_remove_head
                0x0000000010001c14      0x13c CMakeFiles/SAM-M8Q.dir/home/jackmolter/pico/pico-sdk/src/common/pico_util/pheap.c.obj
                0x0000000010001c14                ph_remove_head
 .text.ph_remove_and_free_node
                0x0000000010001d50       0x7c CMakeFiles/SAM-M8Q.dir/home/jackmolter/pico/pico-sdk/src/common/pico_util/pheap.c.obj
                0x0000000010001d50                ph_remove_and_free_node
 .text.runtime_init
                0x0000000010001dcc       0xf0 CMakeFiles/SAM-M8Q.dir/home/jackmolter/pico/pico-sdk/src/rp2_common/pico_runtime/runtime.c.obj
                0x0000000010001dcc                runtime_init
 .text._sbrk    0x0000000010001ebc       0x34 CMakeFiles/SAM-M8Q.dir/home/jackmolter/pico/pico-sdk/src/rp2_common/pico_runtime/runtime.c.obj
                0x0000000010001ebc                _sbrk
 .text.exit     0x0000000010001ef0        0x4 CMakeFiles/SAM-M8Q.dir/home/jackmolter/pico/pico-sdk/src/rp2_common/pico_runtime/runtime.c.obj
                0x0000000010001ef0                exit
 .text.__assert_func
                0x0000000010001ef4       0x34 CMakeFiles/SAM-M8Q.dir/home/jackmolter/pico/pico-sdk/src/rp2_common/pico_runtime/runtime.c.obj
                0x0000000010001ef4                __assert_func
 .text.panic    0x0000000010001f28       0x30 CMakeFiles/SAM-M8Q.dir/home/jackmolter/pico/pico-sdk/src/rp2_common/pico_runtime/runtime.c.obj
                0x0000000010001f28                panic
 .text.hard_assertion_failure
                0x0000000010001f58        0xc CMakeFiles/SAM-M8Q.dir/home/jackmolter/pico/pico-sdk/src/rp2_common/pico_runtime/runtime.c.obj
                0x0000000010001f58                hard_assertion_failure
 .text.clocks_init
                0x0000000010001f64      0x2bc CMakeFiles/SAM-M8Q.dir/home/jackmolter/pico/pico-sdk/src/rp2_common/hardware_clocks/clocks.c.obj
                0x0000000010001f64                clocks_init
 .text.clock_get_hz
                0x0000000010002220        0xc CMakeFiles/SAM-M8Q.dir/home/jackmolter/pico/pico-sdk/src/rp2_common/hardware_clocks/clocks.c.obj
                0x0000000010002220                clock_get_hz
 .text.irq_set_enabled
                0x000000001000222c       0x24 CMakeFiles/SAM-M8Q.dir/home/jackmolter/pico/pico-sdk/src/rp2_common/hardware_irq/irq.c.obj
                0x000000001000222c                irq_set_enabled
 .text.irq_set_pending
                0x0000000010002250       0x10 CMakeFiles/SAM-M8Q.dir/home/jackmolter/pico/pico-sdk/src/rp2_common/hardware_irq/irq.c.obj
                0x0000000010002250                irq_set_pending
 .text.irq_get_vtable_handler
                0x0000000010002260       0x10 CMakeFiles/SAM-M8Q.dir/home/jackmolter/pico/pico-sdk/src/rp2_common/hardware_irq/irq.c.obj
                0x0000000010002260                irq_get_vtable_handler
 .text.irq_set_exclusive_handler
                0x0000000010002270       0x54 CMakeFiles/SAM-M8Q.dir/home/jackmolter/pico/pico-sdk/src/rp2_common/hardware_irq/irq.c.obj
                0x0000000010002270                irq_set_exclusive_handler
 .text.irq_remove_handler
                0x00000000100022c4      0x1b8 CMakeFiles/SAM-M8Q.dir/home/jackmolter/pico/pico-sdk/src/rp2_common/hardware_irq/irq.c.obj
                0x00000000100022c4                irq_remove_handler
 .text.irq_add_tail_to_free_list
                0x000000001000247c       0xb8 CMakeFiles/SAM-M8Q.dir/home/jackmolter/pico/pico-sdk/src/rp2_common/hardware_irq/irq.c.obj
                0x000000001000247c                irq_add_tail_to_free_list
 .text.irq_init_priorities
                0x0000000010002534       0x24 CMakeFiles/SAM-M8Q.dir/home/jackmolter/pico/pico-sdk/src/rp2_common/hardware_irq/irq.c.obj
                0x0000000010002534                irq_init_priorities
 .text.pll_init
                0x0000000010002558       0xa4 CMakeFiles/SAM-M8Q.dir/home/jackmolter/pico/pico-sdk/src/rp2_common/hardware_pll/pll.c.obj
                0x0000000010002558                pll_init
 .text.watchdog_start_tick
                0x00000000100025fc       0x10 CMakeFiles/SAM-M8Q.dir/home/jackmolter/pico/pico-sdk/src/rp2_common/hardware_watchdog/watchdog.c.obj
                0x00000000100025fc                watchdog_start_tick
 .text.watchdog_reboot
                0x000000001000260c       0x98 CMakeFiles/SAM-M8Q.dir/home/jackmolter/pico/pico-sdk/src/rp2_common/hardware_watchdog/watchdog.c.obj
                0x000000001000260c                watchdog_reboot
 .text.xosc_init
                0x00000000100026a4       0x28 CMakeFiles/SAM-M8Q.dir/home/jackmolter/pico/pico-sdk/src/rp2_common/hardware_xosc/xosc.c.obj
                0x00000000100026a4                xosc_init
 .text._out_null
                0x00000000100026cc        0x4 CMakeFiles/SAM-M8Q.dir/home/jackmolter/pico/pico-sdk/src/rp2_common/pico_printf/printf.c.obj
 .text._out_rev
                0x00000000100026d0       0xd0 CMakeFiles/SAM-M8Q.dir/home/jackmolter/pico/pico-sdk/src/rp2_common/pico_printf/printf.c.obj
 .text._ntoa_format
                0x00000000100027a0      0x1d0 CMakeFiles/SAM-M8Q.dir/home/jackmolter/pico/pico-sdk/src/rp2_common/pico_printf/printf.c.obj
 .text._out_char
                0x0000000010002970       0x10 CMakeFiles/SAM-M8Q.dir/home/jackmolter/pico/pico-sdk/src/rp2_common/pico_printf/printf.c.obj
 .text._out_fct
                0x0000000010002980       0x10 CMakeFiles/SAM-M8Q.dir/home/jackmolter/pico/pico-sdk/src/rp2_common/pico_printf/printf.c.obj
 .text._etoa    0x0000000010002990      0x478 CMakeFiles/SAM-M8Q.dir/home/jackmolter/pico/pico-sdk/src/rp2_common/pico_printf/printf.c.obj
 .text._ftoa    0x0000000010002e08      0x3e0 CMakeFiles/SAM-M8Q.dir/home/jackmolter/pico/pico-sdk/src/rp2_common/pico_printf/printf.c.obj
 .text._vsnprintf
                0x00000000100031e8      0xb08 CMakeFiles/SAM-M8Q.dir/home/jackmolter/pico/pico-sdk/src/rp2_common/pico_printf/printf.c.obj
 .text.vfctprintf
                0x0000000010003cf0       0x20 CMakeFiles/SAM-M8Q.dir/home/jackmolter/pico/pico-sdk/src/rp2_common/pico_printf/printf.c.obj
                0x0000000010003cf0                vfctprintf
 .text.weak_raw_printf
                0x0000000010003d10       0x40 CMakeFiles/SAM-M8Q.dir/home/jackmolter/pico/pico-sdk/src/rp2_common/pico_printf/printf.c.obj
                0x0000000010003d10                weak_raw_printf
 .text.weak_raw_vprintf
                0x0000000010003d50       0x30 CMakeFiles/SAM-M8Q.dir/home/jackmolter/pico/pico-sdk/src/rp2_common/pico_printf/printf.c.obj
                0x0000000010003d50                weak_raw_vprintf
 .text          0x0000000010003d80       0x10 CMakeFiles/SAM-M8Q.dir/home/jackmolter/pico/pico-sdk/src/rp2_common/pico_bit_ops/bit_ops_aeabi.S.obj
 .text.rom_func_lookup
                0x0000000010003d90       0x10 CMakeFiles/SAM-M8Q.dir/home/jackmolter/pico/pico-sdk/src/rp2_common/pico_bootrom/bootrom.c.obj
                0x0000000010003d90                rom_func_lookup
 .text.rom_data_lookup
                0x0000000010003da0       0x10 CMakeFiles/SAM-M8Q.dir/home/jackmolter/pico/pico-sdk/src/rp2_common/pico_bootrom/bootrom.c.obj
                0x0000000010003da0                rom_data_lookup
 .text.rom_funcs_lookup
                0x0000000010003db0       0x3c CMakeFiles/SAM-M8Q.dir/home/jackmolter/pico/pico-sdk/src/rp2_common/pico_bootrom/bootrom.c.obj
                0x0000000010003db0                rom_funcs_lookup
 .text.__wrap___aeabi_idiv
                0x0000000010003dec       0x50 CMakeFiles/SAM-M8Q.dir/home/jackmolter/pico/pico-sdk/src/rp2_common/pico_divider/divider.S.obj
                0x0000000010003dec                __wrap___aeabi_idivmod
                0x0000000010003dec                divmod_s32s32
                0x0000000010003dec                div_s32s32
                0x0000000010003dec                __wrap___aeabi_idiv
                0x0000000010003df4                divmod_s32s32_unsafe
                0x0000000010003e20                divmod_s32s32_savestate
 .text.__wrap___aeabi_uidiv
                0x0000000010003e3c       0x4c CMakeFiles/SAM-M8Q.dir/home/jackmolter/pico/pico-sdk/src/rp2_common/pico_divider/divider.S.obj
                0x0000000010003e3c                __wrap___aeabi_uidiv
                0x0000000010003e3c                __wrap___aeabi_uidivmod
                0x0000000010003e3c                div_u32u32
                0x0000000010003e3c                divmod_u32u32
                0x0000000010003e44                divmod_u32u32_unsafe
                0x0000000010003e6c                divmod_u32u32_savestate
 .text.__wrap___aeabi_ldiv
                0x0000000010003e88      0x434 CMakeFiles/SAM-M8Q.dir/home/jackmolter/pico/pico-sdk/src/rp2_common/pico_divider/divider.S.obj
                0x0000000010003e88                div_s64s64
                0x0000000010003e88                divmod_s64s64
                0x0000000010003e88                __wrap___aeabi_ldivmod
                0x0000000010003ec0                div_u64u64
                0x0000000010003ec0                divmod_u64u64
                0x0000000010003ec0                __wrap___aeabi_uldivmod
                0x0000000010003ed0                divmod_u64u64_savestate
                0x0000000010003ef8                divmod_s64s64_unsafe
                0x0000000010003f80                divmod_u64u64_unsafe
 .text.__wrap___aeabi_darithmetic
                0x00000000100042bc       0x80 CMakeFiles/SAM-M8Q.dir/home/jackmolter/pico/pico-sdk/src/rp2_common/pico_double/double_aeabi.S.obj
                0x00000000100042bc                __wrap___aeabi_drsub
                0x00000000100042c2                __wrap___aeabi_dsub
                0x00000000100042d4                __wrap___aeabi_dadd
                0x00000000100042e6                __wrap___aeabi_ddiv
                0x0000000010004322                __wrap___aeabi_dmul
 .text.__wrap___aeabi_cdcmple
                0x000000001000433c       0x6c CMakeFiles/SAM-M8Q.dir/home/jackmolter/pico/pico-sdk/src/rp2_common/pico_double/double_aeabi.S.obj
                0x000000001000433c                __wrap___aeabi_cdrcmple
                0x000000001000434c                __wrap___aeabi_cdcmple
                0x000000001000434c                __wrap___aeabi_cdcmpeq
 .text.__wrap___aeabi_dcmpeq
                0x00000000100043a8       0x10 CMakeFiles/SAM-M8Q.dir/home/jackmolter/pico/pico-sdk/src/rp2_common/pico_double/double_aeabi.S.obj
                0x00000000100043a8                __wrap___aeabi_dcmpeq
 .text.__wrap___aeabi_dcmplt
                0x00000000100043b8        0xc CMakeFiles/SAM-M8Q.dir/home/jackmolter/pico/pico-sdk/src/rp2_common/pico_double/double_aeabi.S.obj
                0x00000000100043b8                __wrap___aeabi_dcmplt
 .text.__wrap___aeabi_dcmple
                0x00000000100043c4       0x10 CMakeFiles/SAM-M8Q.dir/home/jackmolter/pico/pico-sdk/src/rp2_common/pico_double/double_aeabi.S.obj
                0x00000000100043c4                __wrap___aeabi_dcmple
 .text.__wrap___aeabi_dcmpge
                0x00000000100043d4       0x10 CMakeFiles/SAM-M8Q.dir/home/jackmolter/pico/pico-sdk/src/rp2_common/pico_double/double_aeabi.S.obj
                0x00000000100043d4                __wrap___aeabi_dcmpge
 .text.__wrap___aeabi_dcmpgt
                0x00000000100043e4        0xa CMakeFiles/SAM-M8Q.dir/home/jackmolter/pico/pico-sdk/src/rp2_common/pico_double/double_aeabi.S.obj
                0x00000000100043e4                __wrap___aeabi_dcmpgt
 .text.__wrap___aeabi_dcmpun
                0x00000000100043ee       0x1c CMakeFiles/SAM-M8Q.dir/home/jackmolter/pico/pico-sdk/src/rp2_common/pico_double/double_aeabi.S.obj
                0x00000000100043ee                __wrap___aeabi_dcmpun
 *fill*         0x000000001000440a        0x2 
 .text.__wrap___aeabi_i2d
                0x000000001000440c       0x38 CMakeFiles/SAM-M8Q.dir/home/jackmolter/pico/pico-sdk/src/rp2_common/pico_double/double_aeabi.S.obj
                0x000000001000440c                __wrap___aeabi_ui2d
                0x0000000010004414                __wrap___aeabi_i2d
 .text.__wrap___aeabi_d2iz
                0x0000000010004444       0x48 CMakeFiles/SAM-M8Q.dir/home/jackmolter/pico/pico-sdk/src/rp2_common/pico_double/double_aeabi.S.obj
                0x0000000010004444                __wrap___aeabi_d2iz
                0x0000000010004444                double2int_z
 .text.__wrap___aeabi_d2uiz
                0x000000001000448c       0x18 CMakeFiles/SAM-M8Q.dir/home/jackmolter/pico/pico-sdk/src/rp2_common/pico_double/double_aeabi.S.obj
                0x000000001000448c                double2uint
                0x000000001000448c                __wrap___aeabi_d2uiz
 .text.__wrap___aeabi_l2d
                0x00000000100044a4       0x18 CMakeFiles/SAM-M8Q.dir/home/jackmolter/pico/pico-sdk/src/rp2_common/pico_double/double_aeabi.S.obj
                0x00000000100044a4                __wrap___aeabi_l2d
 .text.__wrap___aeabi_d2lz
                0x00000000100044bc       0x26 CMakeFiles/SAM-M8Q.dir/home/jackmolter/pico/pico-sdk/src/rp2_common/pico_double/double_aeabi.S.obj
                0x00000000100044bc                __wrap___aeabi_d2lz
                0x00000000100044bc                double2int64_z
 *fill*         0x00000000100044e2        0x2 
 .text.double2int64
                0x00000000100044e4       0x18 CMakeFiles/SAM-M8Q.dir/home/jackmolter/pico/pico-sdk/src/rp2_common/pico_double/double_aeabi.S.obj
                0x00000000100044e4                double2int64
 .text.double2ufix64
                0x00000000100044fc       0x18 CMakeFiles/SAM-M8Q.dir/home/jackmolter/pico/pico-sdk/src/rp2_common/pico_double/double_aeabi.S.obj
                0x00000000100044fc                double2ufix64
 .text.__wrap___aeabi_d2f
                0x0000000010004514       0x18 CMakeFiles/SAM-M8Q.dir/home/jackmolter/pico/pico-sdk/src/rp2_common/pico_double/double_aeabi.S.obj
                0x0000000010004514                __wrap___aeabi_d2f
 .text.__aeabi_double_init
                0x000000001000452c       0xc0 CMakeFiles/SAM-M8Q.dir/home/jackmolter/pico/pico-sdk/src/rp2_common/pico_double/double_init_rom.c.obj
                0x000000001000452c                __aeabi_double_init
 .text.double_table_shim_on_use_helper
                0x00000000100045ec       0x2c CMakeFiles/SAM-M8Q.dir/home/jackmolter/pico/pico-sdk/src/rp2_common/pico_double/double_v1_rom_shim.S.obj
                0x00000000100045ec                double_table_shim_on_use_helper
 .text.__wrap___aeabi_dsub
                0x0000000010004618       0x10 CMakeFiles/SAM-M8Q.dir/home/jackmolter/pico/pico-sdk/src/rp2_common/pico_double/double_v1_rom_shim.S.obj
                0x0000000010004618                drsub_shim
                0x000000001000461e                dsub_shim
 .text.dadd_shim
                0x0000000010004628      0x15c CMakeFiles/SAM-M8Q.dir/home/jackmolter/pico/pico-sdk/src/rp2_common/pico_double/double_v1_rom_shim.S.obj
                0x0000000010004628                dadd_shim
 .text.dmul_shim
                0x0000000010004784      0x15c CMakeFiles/SAM-M8Q.dir/home/jackmolter/pico/pico-sdk/src/rp2_common/pico_double/double_v1_rom_shim.S.obj
                0x0000000010004784                dmul_shim
 .text.ddiv_shim
                0x00000000100048e0      0x1b0 CMakeFiles/SAM-M8Q.dir/home/jackmolter/pico/pico-sdk/src/rp2_common/pico_double/double_v1_rom_shim.S.obj
                0x00000000100048e0                ddiv_shim
 .text.double2uint_shim
                0x0000000010004a90        0xe CMakeFiles/SAM-M8Q.dir/home/jackmolter/pico/pico-sdk/src/rp2_common/pico_double/double_v1_rom_shim.S.obj
                0x0000000010004a90                double2uint_shim
                0x0000000010004a92                double2ufix_shim
 .text.double2int64_shim
                0x0000000010004a9e       0x1a CMakeFiles/SAM-M8Q.dir/home/jackmolter/pico/pico-sdk/src/rp2_common/pico_double/double_v1_rom_shim.S.obj
                0x0000000010004a9e                double2int64_shim
                0x0000000010004aa0                double2fix64_shim
 .text.double2uint64_shim
                0x0000000010004ab8       0x70 CMakeFiles/SAM-M8Q.dir/home/jackmolter/pico/pico-sdk/src/rp2_common/pico_double/double_v1_rom_shim.S.obj
                0x0000000010004ab8                double2uint64_shim
                0x0000000010004aba                double2ufix64_shim
                0x0000000010004ada                d2fix_a
 .text.double2float_shim
                0x0000000010004b28       0x5c CMakeFiles/SAM-M8Q.dir/home/jackmolter/pico/pico-sdk/src/rp2_common/pico_double/double_v1_rom_shim.S.obj
                0x0000000010004b28                double2float_shim
 .text.x2double_shims
                0x0000000010004b84       0x90 CMakeFiles/SAM-M8Q.dir/home/jackmolter/pico/pico-sdk/src/rp2_common/pico_double/double_v1_rom_shim.S.obj
                0x0000000010004b84                uint2double_shim
                0x0000000010004b86                ufix2double_shim
                0x0000000010004b8c                int2double_shim
                0x0000000010004b8e                fix2double_shim
                0x0000000010004b94                uint642double_shim
                0x0000000010004b96                ufix642double_shim
                0x0000000010004b9c                int642double_shim
                0x0000000010004b9e                fix642double_shim
 .text.dunpacks
                0x0000000010004c14       0x3c CMakeFiles/SAM-M8Q.dir/home/jackmolter/pico/pico-sdk/src/rp2_common/pico_double/double_v1_rom_shim.S.obj
                0x0000000010004c14                dunpacks
 .text.__aeabi_lmul
                0x0000000010004c50       0x32 CMakeFiles/SAM-M8Q.dir/home/jackmolter/pico/pico-sdk/src/rp2_common/pico_int64_ops/pico_int64_ops_aeabi.S.obj
                0x0000000010004c50                __wrap___aeabi_lmul
 *fill*         0x0000000010004c82        0x2 
 .text.__wrap___aeabi_cfcmple
                0x0000000010004c84       0x50 CMakeFiles/SAM-M8Q.dir/home/jackmolter/pico/pico-sdk/src/rp2_common/pico_float/float_aeabi.S.obj
                0x0000000010004c84                __wrap___aeabi_cfrcmple
                0x0000000010004c90                __wrap___aeabi_cfcmpeq
                0x0000000010004c90                __wrap___aeabi_cfcmple
 .text.__wrap___aeabi_fcmple
                0x0000000010004cd4       0x10 CMakeFiles/SAM-M8Q.dir/home/jackmolter/pico/pico-sdk/src/rp2_common/pico_float/float_aeabi.S.obj
                0x0000000010004cd4                __wrap___aeabi_fcmple
 .text.__wrap___aeabi_fcmpun
                0x0000000010004ce4       0x18 CMakeFiles/SAM-M8Q.dir/home/jackmolter/pico/pico-sdk/src/rp2_common/pico_float/float_aeabi.S.obj
                0x0000000010004ce4                __wrap___aeabi_fcmpun
 .text.__aeabi_float_init
                0x0000000010004cfc       0x64 CMakeFiles/SAM-M8Q.dir/home/jackmolter/pico/pico-sdk/src/rp2_common/pico_float/float_init_rom.c.obj
                0x0000000010004cfc                __aeabi_float_init
 .text.float_table_shim_on_use_helper
                0x0000000010004d60       0x2c CMakeFiles/SAM-M8Q.dir/home/jackmolter/pico/pico-sdk/src/rp2_common/pico_float/float_v1_rom_shim.S.obj
                0x0000000010004d60                float_table_shim_on_use_helper
 .text          0x0000000010004d8c       0x10 CMakeFiles/SAM-M8Q.dir/home/jackmolter/pico/pico-sdk/src/rp2_common/pico_mem_ops/mem_ops_aeabi.S.obj
                0x0000000010004d8c                __aeabi_mem_init
 .text.memset   0x0000000010004d9c        0xc CMakeFiles/SAM-M8Q.dir/home/jackmolter/pico/pico-sdk/src/rp2_common/pico_mem_ops/mem_ops_aeabi.S.obj
                0x0000000010004d9c                __wrap_memset
 .text.memcpy   0x0000000010004da8        0xc CMakeFiles/SAM-M8Q.dir/home/jackmolter/pico/pico-sdk/src/rp2_common/pico_mem_ops/mem_ops_aeabi.S.obj
                0x0000000010004da8                __wrap___aeabi_memcpy
                0x0000000010004da8                __wrap_memcpy
 .text.stdio_out_chars_no_crlf
                0x0000000010004db4       0x10 CMakeFiles/SAM-M8Q.dir/home/jackmolter/pico/pico-sdk/src/rp2_common/pico_stdio/stdio.c.obj
 .text.stdio_out_chars_crlf
                0x0000000010004dc4       0x94 CMakeFiles/SAM-M8Q.dir/home/jackmolter/pico/pico-sdk/src/rp2_common/pico_stdio/stdio.c.obj
 .text.stdio_buffered_printer
                0x0000000010004e58       0x64 CMakeFiles/SAM-M8Q.dir/home/jackmolter/pico/pico-sdk/src/rp2_common/pico_stdio/stdio.c.obj
 .text.stdio_put_string
                0x0000000010004ebc      0x100 CMakeFiles/SAM-M8Q.dir/home/jackmolter/pico/pico-sdk/src/rp2_common/pico_stdio/stdio.c.obj
 .text.__wrap_putchar
                0x0000000010004fbc       0xa4 CMakeFiles/SAM-M8Q.dir/home/jackmolter/pico/pico-sdk/src/rp2_common/pico_stdio/stdio.c.obj
                0x0000000010004fbc                __wrap_putchar
 .text.__wrap_puts
                0x0000000010005060       0x3c CMakeFiles/SAM-M8Q.dir/home/jackmolter/pico/pico-sdk/src/rp2_common/pico_stdio/stdio.c.obj
                0x0000000010005060                __wrap_puts
 .text.stdio_set_driver_enabled
                0x000000001000509c       0x3c CMakeFiles/SAM-M8Q.dir/home/jackmolter/pico/pico-sdk/src/rp2_common/pico_stdio/stdio.c.obj
                0x000000001000509c                stdio_set_driver_enabled
 .text.__wrap_vprintf
                0x00000000100050d8       0xd8 CMakeFiles/SAM-M8Q.dir/home/jackmolter/pico/pico-sdk/src/rp2_common/pico_stdio/stdio.c.obj
                0x00000000100050d8                __wrap_vprintf
 .text.__wrap_printf
                0x00000000100051b0       0x18 CMakeFiles/SAM-M8Q.dir/home/jackmolter/pico/pico-sdk/src/rp2_common/pico_stdio/stdio.c.obj
                0x00000000100051b0                __wrap_printf
 .text.stdio_init_all
                0x00000000100051c8        0x8 CMakeFiles/SAM-M8Q.dir/home/jackmolter/pico/pico-sdk/src/rp2_common/pico_stdio/stdio.c.obj
                0x00000000100051c8                stdio_init_all
 .text.resetd_init
                0x00000000100051d0        0x4 CMakeFiles/SAM-M8Q.dir/home/jackmolter/pico/pico-sdk/src/rp2_common/pico_stdio_usb/reset_interface.c.obj
 .text.resetd_reset
                0x00000000100051d4        0xc CMakeFiles/SAM-M8Q.dir/home/jackmolter/pico/pico-sdk/src/rp2_common/pico_stdio_usb/reset_interface.c.obj
 .text.resetd_open
                0x00000000100051e0       0x28 CMakeFiles/SAM-M8Q.dir/home/jackmolter/pico/pico-sdk/src/rp2_common/pico_stdio_usb/reset_interface.c.obj
 .text.resetd_xfer_cb
                0x0000000010005208        0x4 CMakeFiles/SAM-M8Q.dir/home/jackmolter/pico/pico-sdk/src/rp2_common/pico_stdio_usb/reset_interface.c.obj
 .text.resetd_control_xfer_cb
                0x000000001000520c       0x64 CMakeFiles/SAM-M8Q.dir/home/jackmolter/pico/pico-sdk/src/rp2_common/pico_stdio_usb/reset_interface.c.obj
 .text.usbd_app_driver_get_cb
                0x0000000010005270        0xc CMakeFiles/SAM-M8Q.dir/home/jackmolter/pico/pico-sdk/src/rp2_common/pico_stdio_usb/reset_interface.c.obj
                0x0000000010005270                usbd_app_driver_get_cb
 .text.tud_cdc_line_coding_cb
                0x000000001000527c       0x34 CMakeFiles/SAM-M8Q.dir/home/jackmolter/pico/pico-sdk/src/rp2_common/pico_stdio_usb/reset_interface.c.obj
                0x000000001000527c                tud_cdc_line_coding_cb
 .text.stdio_usb_in_chars
                0x00000000100052b0       0x68 CMakeFiles/SAM-M8Q.dir/home/jackmolter/pico/pico-sdk/src/rp2_common/pico_stdio_usb/stdio_usb.c.obj
                0x00000000100052b0                stdio_usb_in_chars
 .text.stdio_usb_out_chars
                0x0000000010005318       0xec CMakeFiles/SAM-M8Q.dir/home/jackmolter/pico/pico-sdk/src/rp2_common/pico_stdio_usb/stdio_usb.c.obj
 .text.timer_task
                0x0000000010005404       0x10 CMakeFiles/SAM-M8Q.dir/home/jackmolter/pico/pico-sdk/src/rp2_common/pico_stdio_usb/stdio_usb.c.obj
 .text.low_priority_worker_irq
                0x0000000010005414       0x24 CMakeFiles/SAM-M8Q.dir/home/jackmolter/pico/pico-sdk/src/rp2_common/pico_stdio_usb/stdio_usb.c.obj
 .text.stdio_usb_init
                0x0000000010005438       0x90 CMakeFiles/SAM-M8Q.dir/home/jackmolter/pico/pico-sdk/src/rp2_common/pico_stdio_usb/stdio_usb.c.obj
                0x0000000010005438                stdio_usb_init
 .text.tud_descriptor_device_cb
                0x00000000100054c8        0x8 CMakeFiles/SAM-M8Q.dir/home/jackmolter/pico/pico-sdk/src/rp2_common/pico_stdio_usb/stdio_usb_descriptors.c.obj
                0x00000000100054c8                tud_descriptor_device_cb
 .text.tud_descriptor_configuration_cb
                0x00000000100054d0        0x8 CMakeFiles/SAM-M8Q.dir/home/jackmolter/pico/pico-sdk/src/rp2_common/pico_stdio_usb/stdio_usb_descriptors.c.obj
                0x00000000100054d0                tud_descriptor_configuration_cb
 .text.tud_descriptor_string_cb
                0x00000000100054d8       0x70 CMakeFiles/SAM-M8Q.dir/home/jackmolter/pico/pico-sdk/src/rp2_common/pico_stdio_usb/stdio_usb_descriptors.c.obj
                0x00000000100054d8                tud_descriptor_string_cb
 .text.dcd_rp2040_irq
                0x0000000010005548      0x21c CMakeFiles/SAM-M8Q.dir/home/jackmolter/pico/pico-sdk/lib/tinyusb/src/portable/raspberrypi/rp2040/dcd_rp2040.c.obj
 .text.dcd_int_enable
                0x0000000010005764        0xc CMakeFiles/SAM-M8Q.dir/home/jackmolter/pico/pico-sdk/lib/tinyusb/src/portable/raspberrypi/rp2040/dcd_rp2040.c.obj
                0x0000000010005764                dcd_int_enable
 .text.dcd_set_address
                0x0000000010005770       0x14 CMakeFiles/SAM-M8Q.dir/home/jackmolter/pico/pico-sdk/lib/tinyusb/src/portable/raspberrypi/rp2040/dcd_rp2040.c.obj
                0x0000000010005770                dcd_set_address
 .text.dcd_connect
                0x0000000010005784       0x10 CMakeFiles/SAM-M8Q.dir/home/jackmolter/pico/pico-sdk/lib/tinyusb/src/portable/raspberrypi/rp2040/dcd_rp2040.c.obj
                0x0000000010005784                dcd_connect
 .text.dcd_init
                0x0000000010005794      0x148 CMakeFiles/SAM-M8Q.dir/home/jackmolter/pico/pico-sdk/lib/tinyusb/src/portable/raspberrypi/rp2040/dcd_rp2040.c.obj
                0x0000000010005794                dcd_init
 .text.dcd_edpt0_status_complete
                0x00000000100058dc       0x1c CMakeFiles/SAM-M8Q.dir/home/jackmolter/pico/pico-sdk/lib/tinyusb/src/portable/raspberrypi/rp2040/dcd_rp2040.c.obj
                0x00000000100058dc                dcd_edpt0_status_complete
 .text.dcd_edpt_open
                0x00000000100058f8       0xf0 CMakeFiles/SAM-M8Q.dir/home/jackmolter/pico/pico-sdk/lib/tinyusb/src/portable/raspberrypi/rp2040/dcd_rp2040.c.obj
                0x00000000100058f8                dcd_edpt_open
 .text.dcd_edpt_close_all
                0x00000000100059e8       0xbc CMakeFiles/SAM-M8Q.dir/home/jackmolter/pico/pico-sdk/lib/tinyusb/src/portable/raspberrypi/rp2040/dcd_rp2040.c.obj
                0x00000000100059e8                dcd_edpt_close_all
 .text.dcd_edpt_xfer
                0x0000000010005aa4       0x24 CMakeFiles/SAM-M8Q.dir/home/jackmolter/pico/pico-sdk/lib/tinyusb/src/portable/raspberrypi/rp2040/dcd_rp2040.c.obj
                0x0000000010005aa4                dcd_edpt_xfer
 .text.dcd_edpt_stall
                0x0000000010005ac8       0x38 CMakeFiles/SAM-M8Q.dir/home/jackmolter/pico/pico-sdk/lib/tinyusb/src/portable/raspberrypi/rp2040/dcd_rp2040.c.obj
                0x0000000010005ac8                dcd_edpt_stall
 .text.dcd_edpt_clear_stall
                0x0000000010005b00       0x30 CMakeFiles/SAM-M8Q.dir/home/jackmolter/pico/pico-sdk/lib/tinyusb/src/portable/raspberrypi/rp2040/dcd_rp2040.c.obj
                0x0000000010005b00                dcd_edpt_clear_stall
 .text._hw_endpoint_buffer_control_update32.part.0
                0x0000000010005b30       0x20 CMakeFiles/SAM-M8Q.dir/home/jackmolter/pico/pico-sdk/lib/tinyusb/src/portable/raspberrypi/rp2040/rp2040_usb.c.obj
 .text.rp2040_usb_init
                0x0000000010005b50       0x4c CMakeFiles/SAM-M8Q.dir/home/jackmolter/pico/pico-sdk/lib/tinyusb/src/portable/raspberrypi/rp2040/rp2040_usb.c.obj
                0x0000000010005b50                rp2040_usb_init
 .text.hw_endpoint_reset_transfer
                0x0000000010005b9c        0xc CMakeFiles/SAM-M8Q.dir/home/jackmolter/pico/pico-sdk/lib/tinyusb/src/portable/raspberrypi/rp2040/rp2040_usb.c.obj
                0x0000000010005b9c                hw_endpoint_reset_transfer
 .text._hw_endpoint_buffer_control_update32
                0x0000000010005ba8       0x40 CMakeFiles/SAM-M8Q.dir/home/jackmolter/pico/pico-sdk/lib/tinyusb/src/portable/raspberrypi/rp2040/rp2040_usb.c.obj
                0x0000000010005ba8                _hw_endpoint_buffer_control_update32
 .text.hw_endpoint_xfer_start
                0x0000000010005be8      0x138 CMakeFiles/SAM-M8Q.dir/home/jackmolter/pico/pico-sdk/lib/tinyusb/src/portable/raspberrypi/rp2040/rp2040_usb.c.obj
                0x0000000010005be8                hw_endpoint_xfer_start
 .text.hw_endpoint_xfer_continue
                0x0000000010005d20      0x1e4 CMakeFiles/SAM-M8Q.dir/home/jackmolter/pico/pico-sdk/lib/tinyusb/src/portable/raspberrypi/rp2040/rp2040_usb.c.obj
                0x0000000010005d20                hw_endpoint_xfer_continue
 .text.tud_mounted
                0x0000000010005f04       0x10 CMakeFiles/SAM-M8Q.dir/home/jackmolter/pico/pico-sdk/lib/tinyusb/src/device/usbd.c.obj
                0x0000000010005f04                tud_mounted
 .text.tud_suspended
                0x0000000010005f14       0x10 CMakeFiles/SAM-M8Q.dir/home/jackmolter/pico/pico-sdk/lib/tinyusb/src/device/usbd.c.obj
                0x0000000010005f14                tud_suspended
 .text.tud_inited
                0x0000000010005f24        0xc CMakeFiles/SAM-M8Q.dir/home/jackmolter/pico/pico-sdk/lib/tinyusb/src/device/usbd.c.obj
                0x0000000010005f24                tud_inited
 .text.tud_init
                0x0000000010005f30       0xd8 CMakeFiles/SAM-M8Q.dir/home/jackmolter/pico/pico-sdk/lib/tinyusb/src/device/usbd.c.obj
                0x0000000010005f30                tud_init
 .text.tud_task
                0x0000000010006008      0x8ec CMakeFiles/SAM-M8Q.dir/home/jackmolter/pico/pico-sdk/lib/tinyusb/src/device/usbd.c.obj
                0x0000000010006008                tud_task
 .text.dcd_event_bus_signal
                0x00000000100068f4      0x120 CMakeFiles/SAM-M8Q.dir/home/jackmolter/pico/pico-sdk/lib/tinyusb/src/device/usbd.c.obj
                0x00000000100068f4                dcd_event_bus_signal
 .text.dcd_event_bus_reset
                0x0000000010006a14       0x54 CMakeFiles/SAM-M8Q.dir/home/jackmolter/pico/pico-sdk/lib/tinyusb/src/device/usbd.c.obj
                0x0000000010006a14                dcd_event_bus_reset
 .text.dcd_event_setup_received
                0x0000000010006a68       0x50 CMakeFiles/SAM-M8Q.dir/home/jackmolter/pico/pico-sdk/lib/tinyusb/src/device/usbd.c.obj
                0x0000000010006a68                dcd_event_setup_received
 .text.dcd_event_xfer_complete
                0x0000000010006ab8       0x68 CMakeFiles/SAM-M8Q.dir/home/jackmolter/pico/pico-sdk/lib/tinyusb/src/device/usbd.c.obj
                0x0000000010006ab8                dcd_event_xfer_complete
 .text.usbd_open_edpt_pair
                0x0000000010006b20       0x80 CMakeFiles/SAM-M8Q.dir/home/jackmolter/pico/pico-sdk/lib/tinyusb/src/device/usbd.c.obj
                0x0000000010006b20                usbd_open_edpt_pair
 .text.usbd_edpt_open
                0x0000000010006ba0       0x30 CMakeFiles/SAM-M8Q.dir/home/jackmolter/pico/pico-sdk/lib/tinyusb/src/device/usbd.c.obj
                0x0000000010006ba0                usbd_edpt_open
 .text.usbd_edpt_claim
                0x0000000010006bd0       0x64 CMakeFiles/SAM-M8Q.dir/home/jackmolter/pico/pico-sdk/lib/tinyusb/src/device/usbd.c.obj
                0x0000000010006bd0                usbd_edpt_claim
 .text.usbd_edpt_release
                0x0000000010006c34       0x4c CMakeFiles/SAM-M8Q.dir/home/jackmolter/pico/pico-sdk/lib/tinyusb/src/device/usbd.c.obj
                0x0000000010006c34                usbd_edpt_release
 .text.usbd_edpt_xfer
                0x0000000010006c80       0x48 CMakeFiles/SAM-M8Q.dir/home/jackmolter/pico/pico-sdk/lib/tinyusb/src/device/usbd.c.obj
                0x0000000010006c80                usbd_edpt_xfer
 .text.tud_control_status
                0x0000000010006cc8       0x30 CMakeFiles/SAM-M8Q.dir/home/jackmolter/pico/pico-sdk/lib/tinyusb/src/device/usbd_control.c.obj
                0x0000000010006cc8                tud_control_status
 .text.tud_control_xfer
                0x0000000010006cf8       0xb8 CMakeFiles/SAM-M8Q.dir/home/jackmolter/pico/pico-sdk/lib/tinyusb/src/device/usbd_control.c.obj
                0x0000000010006cf8                tud_control_xfer
 .text.usbd_control_reset
                0x0000000010006db0       0x14 CMakeFiles/SAM-M8Q.dir/home/jackmolter/pico/pico-sdk/lib/tinyusb/src/device/usbd_control.c.obj
                0x0000000010006db0                usbd_control_reset
 .text.usbd_control_set_complete_callback
                0x0000000010006dc4        0xc CMakeFiles/SAM-M8Q.dir/home/jackmolter/pico/pico-sdk/lib/tinyusb/src/device/usbd_control.c.obj
                0x0000000010006dc4                usbd_control_set_complete_callback
 .text.usbd_control_set_request
                0x0000000010006dd0       0x1c CMakeFiles/SAM-M8Q.dir/home/jackmolter/pico/pico-sdk/lib/tinyusb/src/device/usbd_control.c.obj
                0x0000000010006dd0                usbd_control_set_request
 .text.usbd_control_xfer_cb
                0x0000000010006dec       0xf8 CMakeFiles/SAM-M8Q.dir/home/jackmolter/pico/pico-sdk/lib/tinyusb/src/device/usbd_control.c.obj
                0x0000000010006dec                usbd_control_xfer_cb
 .text.tud_cdc_n_connected
                0x0000000010006ee4       0x30 CMakeFiles/SAM-M8Q.dir/home/jackmolter/pico/pico-sdk/lib/tinyusb/src/class/cdc/cdc_device.c.obj
                0x0000000010006ee4                tud_cdc_n_connected
 .text.tud_cdc_n_available
                0x0000000010006f14       0x18 CMakeFiles/SAM-M8Q.dir/home/jackmolter/pico/pico-sdk/lib/tinyusb/src/class/cdc/cdc_device.c.obj
                0x0000000010006f14                tud_cdc_n_available
 .text.tud_cdc_n_read
                0x0000000010006f2c       0x70 CMakeFiles/SAM-M8Q.dir/home/jackmolter/pico/pico-sdk/lib/tinyusb/src/class/cdc/cdc_device.c.obj
                0x0000000010006f2c                tud_cdc_n_read
 .text.tud_cdc_n_write_flush
                0x0000000010006f9c       0x78 CMakeFiles/SAM-M8Q.dir/home/jackmolter/pico/pico-sdk/lib/tinyusb/src/class/cdc/cdc_device.c.obj
                0x0000000010006f9c                tud_cdc_n_write_flush
 .text.tud_cdc_n_write
                0x0000000010007014       0x34 CMakeFiles/SAM-M8Q.dir/home/jackmolter/pico/pico-sdk/lib/tinyusb/src/class/cdc/cdc_device.c.obj
                0x0000000010007014                tud_cdc_n_write
 .text.tud_cdc_n_write_available
                0x0000000010007048       0x18 CMakeFiles/SAM-M8Q.dir/home/jackmolter/pico/pico-sdk/lib/tinyusb/src/class/cdc/cdc_device.c.obj
                0x0000000010007048                tud_cdc_n_write_available
 .text.cdcd_init
                0x0000000010007060       0x7c CMakeFiles/SAM-M8Q.dir/home/jackmolter/pico/pico-sdk/lib/tinyusb/src/class/cdc/cdc_device.c.obj
                0x0000000010007060                cdcd_init
 .text.cdcd_reset
                0x00000000100070dc       0x2c CMakeFiles/SAM-M8Q.dir/home/jackmolter/pico/pico-sdk/lib/tinyusb/src/class/cdc/cdc_device.c.obj
                0x00000000100070dc                cdcd_reset
 .text.cdcd_open
                0x0000000010007108       0xe4 CMakeFiles/SAM-M8Q.dir/home/jackmolter/pico/pico-sdk/lib/tinyusb/src/class/cdc/cdc_device.c.obj
                0x0000000010007108                cdcd_open
 .text.cdcd_control_xfer_cb
                0x00000000100071ec       0xe4 CMakeFiles/SAM-M8Q.dir/home/jackmolter/pico/pico-sdk/lib/tinyusb/src/class/cdc/cdc_device.c.obj
                0x00000000100071ec                cdcd_control_xfer_cb
 .text.cdcd_xfer_cb
                0x00000000100072d0      0x198 CMakeFiles/SAM-M8Q.dir/home/jackmolter/pico/pico-sdk/lib/tinyusb/src/class/cdc/cdc_device.c.obj
                0x00000000100072d0                cdcd_xfer_cb
 .text.tusb_init
                0x0000000010007468        0xc CMakeFiles/SAM-M8Q.dir/home/jackmolter/pico/pico-sdk/lib/tinyusb/src/tusb.c.obj
                0x0000000010007468                tusb_init
 .text.tusb_inited
                0x0000000010007474        0x8 CMakeFiles/SAM-M8Q.dir/home/jackmolter/pico/pico-sdk/lib/tinyusb/src/tusb.c.obj
                0x0000000010007474                tusb_inited
 .text.tu_edpt_validate
                0x000000001000747c       0x78 CMakeFiles/SAM-M8Q.dir/home/jackmolter/pico/pico-sdk/lib/tinyusb/src/tusb.c.obj
                0x000000001000747c                tu_edpt_validate
 .text.tu_edpt_bind_driver
                0x00000000100074f4       0x2c CMakeFiles/SAM-M8Q.dir/home/jackmolter/pico/pico-sdk/lib/tinyusb/src/tusb.c.obj
                0x00000000100074f4                tu_edpt_bind_driver
 .text.tu_fifo_config
                0x0000000010007520       0x78 CMakeFiles/SAM-M8Q.dir/home/jackmolter/pico/pico-sdk/lib/tinyusb/src/common/tusb_fifo.c.obj
                0x0000000010007520                tu_fifo_config
 .text.tu_fifo_count
                0x0000000010007598       0x20 CMakeFiles/SAM-M8Q.dir/home/jackmolter/pico/pico-sdk/lib/tinyusb/src/common/tusb_fifo.c.obj
                0x0000000010007598                tu_fifo_count
 .text.tu_fifo_empty
                0x00000000100075b8       0x10 CMakeFiles/SAM-M8Q.dir/home/jackmolter/pico/pico-sdk/lib/tinyusb/src/common/tusb_fifo.c.obj
                0x00000000100075b8                tu_fifo_empty
 .text.tu_fifo_remaining
                0x00000000100075c8       0x1c CMakeFiles/SAM-M8Q.dir/home/jackmolter/pico/pico-sdk/lib/tinyusb/src/common/tusb_fifo.c.obj
                0x00000000100075c8                tu_fifo_remaining
 .text.tu_fifo_read
                0x00000000100075e4       0x9c CMakeFiles/SAM-M8Q.dir/home/jackmolter/pico/pico-sdk/lib/tinyusb/src/common/tusb_fifo.c.obj
                0x00000000100075e4                tu_fifo_read
 .text.tu_fifo_read_n
                0x0000000010007680      0x100 CMakeFiles/SAM-M8Q.dir/home/jackmolter/pico/pico-sdk/lib/tinyusb/src/common/tusb_fifo.c.obj
                0x0000000010007680                tu_fifo_read_n
 .text.tu_fifo_write
                0x0000000010007780       0x7c CMakeFiles/SAM-M8Q.dir/home/jackmolter/pico/pico-sdk/lib/tinyusb/src/common/tusb_fifo.c.obj
                0x0000000010007780                tu_fifo_write
 .text.tu_fifo_write_n
                0x00000000100077fc       0xf8 CMakeFiles/SAM-M8Q.dir/home/jackmolter/pico/pico-sdk/lib/tinyusb/src/common/tusb_fifo.c.obj
                0x00000000100077fc                tu_fifo_write_n
 .text.tu_fifo_clear
                0x00000000100078f4       0x4c CMakeFiles/SAM-M8Q.dir/home/jackmolter/pico/pico-sdk/lib/tinyusb/src/common/tusb_fifo.c.obj
                0x00000000100078f4                tu_fifo_clear
 .text.tu_fifo_set_overwritable
                0x0000000010007940       0x3c CMakeFiles/SAM-M8Q.dir/home/jackmolter/pico/pico-sdk/lib/tinyusb/src/common/tusb_fifo.c.obj
                0x0000000010007940                tu_fifo_set_overwritable
 .text.startup._retrieve_unique_id_on_boot
                0x000000001000797c       0x10 CMakeFiles/SAM-M8Q.dir/home/jackmolter/pico/pico-sdk/src/rp2_common/pico_unique_id/unique_id.c.obj
 .text.pico_get_unique_board_id_string
                0x000000001000798c      0x1bc CMakeFiles/SAM-M8Q.dir/home/jackmolter/pico/pico-sdk/src/rp2_common/pico_unique_id/unique_id.c.obj
                0x000000001000798c                pico_get_unique_board_id_string
 .text.flash_get_unique_id
                0x0000000010007b48       0x40 CMakeFiles/SAM-M8Q.dir/home/jackmolter/pico/pico-sdk/src/rp2_common/hardware_flash/flash.c.obj
                0x0000000010007b48                flash_get_unique_id
 .text          0x0000000010007b88       0x5c /usr/lib/gcc/arm-none-eabi/9.2.1/../../../arm-none-eabi/lib/thumb/v6-m/nofp/libc.a(lib_a-callocr.o)
                0x0000000010007b88                _calloc_r
 .text          0x0000000010007be4      0x58c /usr/lib/gcc/arm-none-eabi/9.2.1/../../../arm-none-eabi/lib/thumb/v6-m/nofp/libc.a(lib_a-mallocr.o)
                0x0000000010007be4                _malloc_r
 .text          0x0000000010008170        0x8 /usr/lib/gcc/arm-none-eabi/9.2.1/../../../arm-none-eabi/lib/thumb/v6-m/nofp/libc.a(lib_a-mlock.o)
                0x0000000010008170                __malloc_lock
                0x0000000010008174                __malloc_unlock
 .text          0x0000000010008178       0x24 /usr/lib/gcc/arm-none-eabi/9.2.1/../../../arm-none-eabi/lib/thumb/v6-m/nofp/libc.a(lib_a-sbrkr.o)
                0x0000000010008178                _sbrk_r
 .text          0x000000001000819c       0x68 /usr/lib/gcc/arm-none-eabi/9.2.1/../../../arm-none-eabi/lib/thumb/v6-m/nofp/libc.a(lib_a-strlen-stub.o)
                0x000000001000819c                strlen
 .text          0x0000000010008204       0x94 /usr/lib/gcc/arm-none-eabi/9.2.1/../../../arm-none-eabi/lib/thumb/v6-m/nofp/libc.a(lib_a-strncmp.o)
                0x0000000010008204                strncmp
 .text          0x0000000010008298     0x10b8 /usr/lib/gcc/arm-none-eabi/9.2.1/../../../arm-none-eabi/lib/thumb/v6-m/nofp/libc.a(lib_a-strtod.o)
                0x00000000100082c8                _strtod_l
                0x00000000100091a8                _strtod_r
                0x00000000100091b8                strtod_l
                0x00000000100091d0                strtod
                0x00000000100091ec                strtof_l
                0x000000001000929c                strtof
 .text          0x0000000010009350      0x27c /usr/lib/gcc/arm-none-eabi/9.2.1/../../../arm-none-eabi/lib/thumb/v6-m/nofp/libc.a(lib_a-freer.o)
                0x0000000010009350                _malloc_trim_r
                0x00000000100093f0                _free_r
 .text          0x00000000100095cc      0x634 /usr/lib/gcc/arm-none-eabi/9.2.1/../../../arm-none-eabi/lib/thumb/v6-m/nofp/libc.a(lib_a-gdtoa-gethex.o)
                0x0000000010009670                __gethex
 .text          0x0000000010009c00      0x1d8 /usr/lib/gcc/arm-none-eabi/9.2.1/../../../arm-none-eabi/lib/thumb/v6-m/nofp/libc.a(lib_a-gdtoa-hexnan.o)
                0x0000000010009c00                __match
                0x0000000010009c2c                __hexnan
 .text          0x0000000010009dd8       0x44 /usr/lib/gcc/arm-none-eabi/9.2.1/../../../arm-none-eabi/lib/thumb/v6-m/nofp/libc.a(lib_a-mbtowc_r.o)
                0x0000000010009dd8                _mbtowc_r
                0x0000000010009df0                __ascii_mbtowc
 .text          0x0000000010009e1c      0xa38 /usr/lib/gcc/arm-none-eabi/9.2.1/../../../arm-none-eabi/lib/thumb/v6-m/nofp/libc.a(lib_a-mprec.o)
                0x0000000010009e1c                _Balloc
                0x0000000010009e6c                _Bfree
                0x0000000010009e80                __multadd
                0x0000000010009f30                __s2b
                0x0000000010009fdc                __hi0bits
                0x000000001000a014                __lo0bits
                0x000000001000a070                __i2b
                0x000000001000a09c                __multiply
                0x000000001000a228                __pow5mult
                0x000000001000a2dc                __lshift
                0x000000001000a3c0                __mcmp
                0x000000001000a3f4                __mdiff
                0x000000001000a53c                __ulp
                0x000000001000a584                __b2d
                0x000000001000a63c                __d2b
                0x000000001000a714                __ratio
                0x000000001000a788                _mprec_log10
                0x000000001000a7bc                __copybits
                0x000000001000a7fc                __any_on
 .text          0x000000001000a854        0xc /usr/lib/gcc/arm-none-eabi/9.2.1/../../../arm-none-eabi/lib/thumb/v6-m/nofp/libc.a(lib_a-s_nan.o)
                0x000000001000a854                nan
 .text          0x000000001000a860        0x8 /usr/lib/gcc/arm-none-eabi/9.2.1/../../../arm-none-eabi/lib/thumb/v6-m/nofp/libc.a(lib_a-sf_nan.o)
                0x000000001000a860                nanf
 .text          0x000000001000a868       0x2c /usr/lib/gcc/arm-none-eabi/9.2.1/../../../arm-none-eabi/lib/thumb/v6-m/nofp/libc.a(lib_a-wctomb_r.o)
                0x000000001000a868                _wctomb_r
                0x000000001000a878                __ascii_wctomb
 *(.fini)
 .fini          0x000000001000a894        0x4 /usr/lib/gcc/arm-none-eabi/9.2.1/thumb/v6-m/nofp/crti.o
                0x000000001000a894                _fini
 .fini.__stub   0x000000001000a898       0x70 linker stubs
 *crtbegin.o(.ctors)
 *crtbegin?.o(.ctors)
 *(EXCLUDE_FILE(*crtend.o *crtend?.o) .ctors)
 *(SORT_BY_NAME(.ctors.*))
 *(.ctors)
 *crtbegin.o(.dtors)
 *crtbegin?.o(.dtors)
 *(EXCLUDE_FILE(*crtend.o *crtend?.o) .dtors)
 *(SORT_BY_NAME(.dtors.*))
 *(.dtors)
 *(.eh_frame*)
 .eh_frame      0x000000001000a908        0x0 /usr/lib/gcc/arm-none-eabi/9.2.1/thumb/v6-m/nofp/crtbegin.o
                0x000000001000a908                . = ALIGN (0x4)

.glue_7         0x000000001000a908        0x0
 .glue_7        0x000000001000a908        0x0 linker stubs

.glue_7t        0x000000001000a908        0x0
 .glue_7t       0x000000001000a908        0x0 linker stubs

.vfp11_veneer   0x000000001000a908        0x0
 .vfp11_veneer  0x000000001000a908        0x0 linker stubs

.v4_bx          0x000000001000a908        0x0
 .v4_bx         0x000000001000a908        0x0 linker stubs

.iplt           0x000000001000a908        0x0
 .iplt          0x000000001000a908        0x0 /usr/lib/gcc/arm-none-eabi/9.2.1/thumb/v6-m/nofp/crtbegin.o

.rodata         0x000000001000a908      0xb48
 *(EXCLUDE_FILE(*libm.a: *libc.a:*lib_a-mem*.o *libgcc.a:) .rodata*)
 .rodata.gps_read_data.str1.4
                0x000000001000a908       0x16 CMakeFiles/SAM-M8Q.dir/GPS.c.obj
 *fill*         0x000000001000a91e        0x2 
 .rodata.main.str1.4
                0x000000001000a920       0x5a CMakeFiles/SAM-M8Q.dir/GPS.c.obj
 *fill*         0x000000001000a97a        0x2 
 .rodata.prv_parse_term.str1.4
                0x000000001000a97c       0x3f CMakeFiles/SAM-M8Q.dir/lwgps.c.obj
 *fill*         0x000000001000a9bb        0x1 
 .rodata.prv_parse_term
                0x000000001000a9bc       0x60 CMakeFiles/SAM-M8Q.dir/lwgps.c.obj
 .rodata.spin_lock_claim_unused.str1.4
                0x000000001000aa1c       0x1b CMakeFiles/SAM-M8Q.dir/home/jackmolter/pico/pico-sdk/src/rp2_common/hardware_sync/sync.c.obj
 *fill*         0x000000001000aa37        0x1 
 .rodata.hardware_alarm_claim.str1.4
                0x000000001000aa38       0x22 CMakeFiles/SAM-M8Q.dir/home/jackmolter/pico/pico-sdk/src/rp2_common/hardware_timer/timer.c.obj
 *fill*         0x000000001000aa5a        0x2 
 .rodata.__assert_func.str1.4
                0x000000001000aa5c       0x3f CMakeFiles/SAM-M8Q.dir/home/jackmolter/pico/pico-sdk/src/rp2_common/pico_runtime/runtime.c.obj
                                         0x43 (size before relaxing)
 *fill*         0x000000001000aa9b        0x1 
 .rodata.panic.str1.4
                0x000000001000aa9c       0x10 CMakeFiles/SAM-M8Q.dir/home/jackmolter/pico/pico-sdk/src/rp2_common/pico_runtime/runtime.c.obj
                                         0x12 (size before relaxing)
 .rodata.hard_assertion_failure.str1.4
                0x000000001000aaac        0xc CMakeFiles/SAM-M8Q.dir/home/jackmolter/pico/pico-sdk/src/rp2_common/pico_runtime/runtime.c.obj
 .rodata._ftoa.str1.4
                0x000000001000aab8       0x15 CMakeFiles/SAM-M8Q.dir/home/jackmolter/pico/pico-sdk/src/rp2_common/pico_printf/printf.c.obj
 *fill*         0x000000001000aacd        0x3 
 .rodata._vsnprintf
                0x000000001000aad0      0x1e0 CMakeFiles/SAM-M8Q.dir/home/jackmolter/pico/pico-sdk/src/rp2_common/pico_printf/printf.c.obj
 .rodata.pow10.5435
                0x000000001000acb0       0x50 CMakeFiles/SAM-M8Q.dir/home/jackmolter/pico/pico-sdk/src/rp2_common/pico_printf/printf.c.obj
 .rodata.str1.4
                0x000000001000ad00       0x3c CMakeFiles/SAM-M8Q.dir/home/jackmolter/pico/pico-sdk/src/rp2_common/pico_standard_link/binary_info.c.obj
 .rodata.__bi_44
                0x000000001000ad3c        0xc CMakeFiles/SAM-M8Q.dir/home/jackmolter/pico/pico-sdk/src/rp2_common/pico_standard_link/binary_info.c.obj
 .rodata.__bi_75
                0x000000001000ad48        0xc CMakeFiles/SAM-M8Q.dir/home/jackmolter/pico/pico-sdk/src/rp2_common/pico_standard_link/binary_info.c.obj
 .rodata.__bi_81
                0x000000001000ad54        0xc CMakeFiles/SAM-M8Q.dir/home/jackmolter/pico/pico-sdk/src/rp2_common/pico_standard_link/binary_info.c.obj
 .rodata.crlf_str.5904
                0x000000001000ad60        0x2 CMakeFiles/SAM-M8Q.dir/home/jackmolter/pico/pico-sdk/src/rp2_common/pico_stdio/stdio.c.obj
 *fill*         0x000000001000ad62        0x2 
 .rodata._resetd_driver
                0x000000001000ad64       0x18 CMakeFiles/SAM-M8Q.dir/home/jackmolter/pico/pico-sdk/src/rp2_common/pico_stdio_usb/reset_interface.c.obj
 .rodata.str1.4
                0x000000001000ad7c       0x13 CMakeFiles/SAM-M8Q.dir/home/jackmolter/pico/pico-sdk/src/rp2_common/pico_stdio_usb/stdio_usb.c.obj
 *fill*         0x000000001000ad8f        0x1 
 .rodata.__bi_93.7182
                0x000000001000ad90        0xc CMakeFiles/SAM-M8Q.dir/home/jackmolter/pico/pico-sdk/src/rp2_common/pico_stdio_usb/stdio_usb.c.obj
 .rodata.str1.4
                0x000000001000ad9c       0x2a CMakeFiles/SAM-M8Q.dir/home/jackmolter/pico/pico-sdk/src/rp2_common/pico_stdio_usb/stdio_usb_descriptors.c.obj
 *fill*         0x000000001000adc6        0x2 
 .rodata.usbd_desc_cfg
                0x000000001000adc8       0x54 CMakeFiles/SAM-M8Q.dir/home/jackmolter/pico/pico-sdk/src/rp2_common/pico_stdio_usb/stdio_usb_descriptors.c.obj
 .rodata.usbd_desc_device
                0x000000001000ae1c       0x12 CMakeFiles/SAM-M8Q.dir/home/jackmolter/pico/pico-sdk/src/rp2_common/pico_stdio_usb/stdio_usb_descriptors.c.obj
 *fill*         0x000000001000ae2e        0x2 
 .rodata.usbd_desc_str
                0x000000001000ae30       0x18 CMakeFiles/SAM-M8Q.dir/home/jackmolter/pico/pico-sdk/src/rp2_common/pico_stdio_usb/stdio_usb_descriptors.c.obj
 .rodata.dcd_rp2040_irq.str1.4
                0x000000001000ae48       0x14 CMakeFiles/SAM-M8Q.dir/home/jackmolter/pico/pico-sdk/lib/tinyusb/src/portable/raspberrypi/rp2040/dcd_rp2040.c.obj
 .rodata._hw_endpoint_buffer_control_update32.part.0.str1.4
                0x000000001000ae5c       0x1f CMakeFiles/SAM-M8Q.dir/home/jackmolter/pico/pico-sdk/lib/tinyusb/src/portable/raspberrypi/rp2040/rp2040_usb.c.obj
 *fill*         0x000000001000ae7b        0x1 
 .rodata.hw_endpoint_xfer_continue.str1.4
                0x000000001000ae7c       0x29 CMakeFiles/SAM-M8Q.dir/home/jackmolter/pico/pico-sdk/lib/tinyusb/src/portable/raspberrypi/rp2040/rp2040_usb.c.obj
 *fill*         0x000000001000aea5        0x3 
 .rodata.str1.4
                0x000000001000aea8        0x7 CMakeFiles/SAM-M8Q.dir/home/jackmolter/pico/pico-sdk/lib/tinyusb/src/portable/raspberrypi/rp2040/rp2040_usb.c.obj
 *fill*         0x000000001000aeaf        0x1 
 .rodata.tud_task
                0x000000001000aeb0       0x8c CMakeFiles/SAM-M8Q.dir/home/jackmolter/pico/pico-sdk/lib/tinyusb/src/device/usbd.c.obj
 .rodata._usbd_driver
                0x000000001000af3c       0x18 CMakeFiles/SAM-M8Q.dir/home/jackmolter/pico/pico-sdk/lib/tinyusb/src/device/usbd.c.obj
 *fill*         0x000000001000af54        0x4 
 .rodata        0x000000001000af58      0x120 /usr/lib/gcc/arm-none-eabi/9.2.1/../../../arm-none-eabi/lib/thumb/v6-m/nofp/libc.a(lib_a-strtod.o)
 .rodata.str1.4
                0x000000001000b078        0xf /usr/lib/gcc/arm-none-eabi/9.2.1/../../../arm-none-eabi/lib/thumb/v6-m/nofp/libc.a(lib_a-strtod.o)
                                         0x11 (size before relaxing)
 *fill*         0x000000001000b087        0x1 
 .rodata        0x000000001000b088      0x100 /usr/lib/gcc/arm-none-eabi/9.2.1/../../../arm-none-eabi/lib/thumb/v6-m/nofp/libc.a(lib_a-gdtoa-gethex.o)
                0x000000001000b088                __hexdig
 .rodata.str1.4
                0x000000001000b188       0x4e /usr/lib/gcc/arm-none-eabi/9.2.1/../../../arm-none-eabi/lib/thumb/v6-m/nofp/libc.a(lib_a-gdtoa-gethex.o)
 *fill*         0x000000001000b1d6        0x2 
 .rodata        0x000000001000b1d8        0xc /usr/lib/gcc/arm-none-eabi/9.2.1/../../../arm-none-eabi/lib/thumb/v6-m/nofp/libc.a(lib_a-lnumeric.o)
                0x000000001000b1d8                _C_numeric_locale
 .rodata.str1.4
                0x000000001000b1e4        0x2 /usr/lib/gcc/arm-none-eabi/9.2.1/../../../arm-none-eabi/lib/thumb/v6-m/nofp/libc.a(lib_a-lnumeric.o)
                                          0x5 (size before relaxing)
 *fill*         0x000000001000b1e6        0x2 
 .rodata.str1.4
                0x000000001000b1e8        0x6 /usr/lib/gcc/arm-none-eabi/9.2.1/../../../arm-none-eabi/lib/thumb/v6-m/nofp/libc.a(lib_a-locale.o)
                                         0x12 (size before relaxing)
 *fill*         0x000000001000b1ee        0x2 
 .rodata        0x000000001000b1f0      0x128 /usr/lib/gcc/arm-none-eabi/9.2.1/../../../arm-none-eabi/lib/thumb/v6-m/nofp/libc.a(lib_a-mprec.o)
                0x000000001000b200                __mprec_tinytens
                0x000000001000b228                __mprec_bigtens
                0x000000001000b250                __mprec_tens
 .rodata.str1.4
                0x000000001000b318       0x33 /usr/lib/gcc/arm-none-eabi/9.2.1/../../../arm-none-eabi/lib/thumb/v6-m/nofp/libc.a(lib_a-mprec.o)
                                         0x47 (size before relaxing)
 *fill*         0x000000001000b34b        0x1 
 .rodata        0x000000001000b34c      0x101 /usr/lib/gcc/arm-none-eabi/9.2.1/../../../arm-none-eabi/lib/thumb/v6-m/nofp/libc.a(lib_a-ctype_.o)
                0x000000001000b34c                _ctype_
                0x000000001000b450                . = ALIGN (0x4)
 *fill*         0x000000001000b44d        0x3 
 *(SORT_BY_ALIGNMENT(SORT_BY_NAME(.flashdata*)))
                0x000000001000b450                . = ALIGN (0x4)

.rel.dyn        0x000000001000b450        0x0
 .rel.iplt      0x000000001000b450        0x0 /usr/lib/gcc/arm-none-eabi/9.2.1/thumb/v6-m/nofp/crtbegin.o

.ARM.extab
 *(.ARM.extab* .gnu.linkonce.armextab.*)
                0x000000001000b450                __exidx_start = .

.ARM.exidx
 *(.ARM.exidx* .gnu.linkonce.armexidx.*)
                0x000000001000b450                __exidx_end = .
                0x000000001000b450                . = ALIGN (0x4)
                0x000000001000b450                __binary_info_start = .

.binary_info    0x000000001000b450       0x20
 *(.binary_info.keep.*)
 .binary_info.keep.__bi_ptr22
                0x000000001000b450        0x4 CMakeFiles/SAM-M8Q.dir/home/jackmolter/pico/pico-sdk/src/rp2_common/pico_standard_link/binary_info.c.obj
 .binary_info.keep.__bi_ptr30
                0x000000001000b454        0x4 CMakeFiles/SAM-M8Q.dir/home/jackmolter/pico/pico-sdk/src/rp2_common/pico_standard_link/binary_info.c.obj
 .binary_info.keep.__bi_ptr38
                0x000000001000b458        0x4 CMakeFiles/SAM-M8Q.dir/home/jackmolter/pico/pico-sdk/src/rp2_common/pico_standard_link/binary_info.c.obj
 .binary_info.keep.__bi_ptr44
                0x000000001000b45c        0x4 CMakeFiles/SAM-M8Q.dir/home/jackmolter/pico/pico-sdk/src/rp2_common/pico_standard_link/binary_info.c.obj
 .binary_info.keep.__bi_ptr50
                0x000000001000b460        0x4 CMakeFiles/SAM-M8Q.dir/home/jackmolter/pico/pico-sdk/src/rp2_common/pico_standard_link/binary_info.c.obj
 .binary_info.keep.__bi_ptr75
                0x000000001000b464        0x4 CMakeFiles/SAM-M8Q.dir/home/jackmolter/pico/pico-sdk/src/rp2_common/pico_standard_link/binary_info.c.obj
 .binary_info.keep.__bi_ptr81
                0x000000001000b468        0x4 CMakeFiles/SAM-M8Q.dir/home/jackmolter/pico/pico-sdk/src/rp2_common/pico_standard_link/binary_info.c.obj
 *(.binary_info.*)
 .binary_info.__bi_ptr93
                0x000000001000b46c        0x4 CMakeFiles/SAM-M8Q.dir/home/jackmolter/pico/pico-sdk/src/rp2_common/pico_stdio_usb/stdio_usb.c.obj
                0x000000001000b470                __binary_info_end = .
                0x000000001000b470                . = ALIGN (0x4)
                0x000000001000b470                __etext = .

.ram_vector_table
                0x0000000020000000       0xc0
 *(.ram_vector_table)
 .ram_vector_table
                0x0000000020000000       0xc0 CMakeFiles/SAM-M8Q.dir/home/jackmolter/pico/pico-sdk/src/rp2_common/pico_runtime/runtime.c.obj
                0x0000000020000000                ram_vector_table

.data           0x00000000200000c0      0xd70 load address 0x000000001000b470
                0x00000000200000c0                __data_start__ = .
 *(vtable)
 *(.time_critical*)
 .time_critical.mutex_enter_blocking
                0x00000000200000c0       0x48 CMakeFiles/SAM-M8Q.dir/home/jackmolter/pico/pico-sdk/src/common/pico_sync/mutex.c.obj
                0x00000000200000c0                mutex_enter_blocking
 .time_critical.mutex_try_enter
                0x0000000020000108       0x48 CMakeFiles/SAM-M8Q.dir/home/jackmolter/pico/pico-sdk/src/common/pico_sync/mutex.c.obj
                0x0000000020000108                mutex_try_enter
 .time_critical.mutex_enter_timeout_ms
                0x0000000020000150       0x98 CMakeFiles/SAM-M8Q.dir/home/jackmolter/pico/pico-sdk/src/common/pico_sync/mutex.c.obj
                0x0000000020000150                mutex_enter_timeout_ms
 .time_critical.mutex_exit
                0x00000000200001e8       0x28 CMakeFiles/SAM-M8Q.dir/home/jackmolter/pico/pico-sdk/src/common/pico_sync/mutex.c.obj
                0x00000000200001e8                mutex_exit
 .time_critical.flash_init_boot2_copyout
                0x0000000020000210       0x30 CMakeFiles/SAM-M8Q.dir/home/jackmolter/pico/pico-sdk/src/rp2_common/hardware_flash/flash.c.obj
 .time_critical.flash_enable_xip_via_boot2
                0x0000000020000240       0x10 CMakeFiles/SAM-M8Q.dir/home/jackmolter/pico/pico-sdk/src/rp2_common/hardware_flash/flash.c.obj
 .time_critical.flash_cs_force
                0x0000000020000250       0x38 CMakeFiles/SAM-M8Q.dir/home/jackmolter/pico/pico-sdk/src/rp2_common/hardware_flash/flash.c.obj
 .time_critical.flash_do_cmd
                0x0000000020000288       0xc4 CMakeFiles/SAM-M8Q.dir/home/jackmolter/pico/pico-sdk/src/rp2_common/hardware_flash/flash.c.obj
                0x0000000020000288                flash_do_cmd
 *(.text*)
 .text          0x000000002000034c        0x4 /usr/lib/gcc/arm-none-eabi/9.2.1/thumb/v6-m/nofp/libgcc.a(_dvmd_tls.o)
                0x000000002000034c                __aeabi_ldiv0
                0x000000002000034c                __aeabi_idiv0
 .text.__stub   0x0000000020000350       0x30 linker stubs
                0x0000000020000380                . = ALIGN (0x4)
 *(.rodata*)
                0x0000000020000380                . = ALIGN (0x4)
 *(.data*)
 .data.striped_spin_lock_num
                0x0000000020000380        0x1 CMakeFiles/SAM-M8Q.dir/home/jackmolter/pico/pico-sdk/src/rp2_common/hardware_sync/sync.c.obj
 *fill*         0x0000000020000381        0x3 
 .data.default_alarm_pool
                0x0000000020000384       0x18 CMakeFiles/SAM-M8Q.dir/home/jackmolter/pico/pico-sdk/src/common/pico_time/time.c.obj
 .data.default_alarm_pool_heap
                0x000000002000039c       0x10 CMakeFiles/SAM-M8Q.dir/home/jackmolter/pico/pico-sdk/src/common/pico_time/time.c.obj
 .data          0x00000000200003ac       0x48 CMakeFiles/SAM-M8Q.dir/home/jackmolter/pico/pico-sdk/src/rp2_common/hardware_irq/irq_handler_chain.S.obj
                0x00000000200003ac                irq_handler_chain_slots
                0x00000000200003dc                irq_handler_chain_first_slot
                0x00000000200003e6                irq_handler_chain_remove_tail
 *fill*         0x00000000200003f4        0xc 
 .data.aeabi_bits_funcs
                0x0000000020000400       0x10 CMakeFiles/SAM-M8Q.dir/home/jackmolter/pico/pico-sdk/src/rp2_common/pico_bit_ops/bit_ops_aeabi.S.obj
                0x0000000020000400                aeabi_bits_funcs
                0x0000000020000410                aeabi_bits_funcs_end
 .data.aeabi_mem_funcs
                0x0000000020000410       0x10 CMakeFiles/SAM-M8Q.dir/home/jackmolter/pico/pico-sdk/src/rp2_common/pico_mem_ops/mem_ops_aeabi.S.obj
                0x0000000020000410                aeabi_mem_funcs
                0x0000000020000420                aeabi_mem_funcs_end
 .data.stdio_usb
                0x0000000020000420       0x14 CMakeFiles/SAM-M8Q.dir/home/jackmolter/pico/pico-sdk/src/rp2_common/pico_stdio_usb/stdio_usb.c.obj
                0x0000000020000420                stdio_usb
 .data.ep_dir_string
                0x0000000020000434        0x8 CMakeFiles/SAM-M8Q.dir/home/jackmolter/pico/pico-sdk/lib/tinyusb/src/portable/raspberrypi/rp2040/rp2040_usb.c.obj
                0x0000000020000434                ep_dir_string
 .data._usbd_qdef
                0x000000002000043c       0x24 CMakeFiles/SAM-M8Q.dir/home/jackmolter/pico/pico-sdk/lib/tinyusb/src/device/usbd.c.obj
                0x000000002000043c                _usbd_qdef
 .data          0x0000000020000460      0x430 /usr/lib/gcc/arm-none-eabi/9.2.1/../../../arm-none-eabi/lib/thumb/v6-m/nofp/libc.a(lib_a-impure.o)
                0x0000000020000460                _impure_ptr
 .data          0x0000000020000890      0x410 /usr/lib/gcc/arm-none-eabi/9.2.1/../../../arm-none-eabi/lib/thumb/v6-m/nofp/libc.a(lib_a-mallocr.o)
                0x0000000020000890                __malloc_sbrk_base
                0x0000000020000894                __malloc_trim_threshold
                0x0000000020000898                __malloc_av_
 .data          0x0000000020000ca0        0x2 /usr/lib/gcc/arm-none-eabi/9.2.1/../../../arm-none-eabi/lib/thumb/v6-m/nofp/libc.a(lib_a-lnumeric.o)
 *fill*         0x0000000020000ca2        0x2 
 .data          0x0000000020000ca4      0x16c /usr/lib/gcc/arm-none-eabi/9.2.1/../../../arm-none-eabi/lib/thumb/v6-m/nofp/libc.a(lib_a-locale.o)
                0x0000000020000ca4                __global_locale
                0x0000000020000e10                . = ALIGN (0x4)
 *(.after_data.*)
                0x0000000020000e10                . = ALIGN (0x4)
                0x0000000020000e10                PROVIDE (__mutex_array_start = .)
 *(SORT_BY_NAME(.mutex_array.*))
 *(.mutex_array)
 .mutex_array   0x0000000020000e10        0x8 CMakeFiles/SAM-M8Q.dir/home/jackmolter/pico/pico-sdk/src/rp2_common/pico_stdio/stdio.c.obj
                0x0000000020000e18                PROVIDE (__mutex_array_end = .)
                0x0000000020000e18                . = ALIGN (0x4)
                0x0000000020000e18                PROVIDE (__preinit_array_start = .)
 *(SORT_BY_NAME(.preinit_array.*))
 .preinit_array.00001
                0x0000000020000e18        0x4 CMakeFiles/SAM-M8Q.dir/home/jackmolter/pico/pico-sdk/src/rp2_common/pico_mem_ops/mem_ops_aeabi.S.obj
 .preinit_array.00010
                0x0000000020000e1c        0x4 CMakeFiles/SAM-M8Q.dir/home/jackmolter/pico/pico-sdk/src/rp2_common/pico_bit_ops/bit_ops_aeabi.S.obj
 .preinit_array.00020
                0x0000000020000e20        0x4 CMakeFiles/SAM-M8Q.dir/home/jackmolter/pico/pico-sdk/src/rp2_common/pico_double/double_aeabi.S.obj
 .preinit_array.00020
                0x0000000020000e24        0x4 CMakeFiles/SAM-M8Q.dir/home/jackmolter/pico/pico-sdk/src/rp2_common/pico_float/float_aeabi.S.obj
 *(.preinit_array)
                0x0000000020000e28                PROVIDE (__preinit_array_end = .)
                0x0000000020000e28                . = ALIGN (0x4)
                0x0000000020000e28                PROVIDE (__init_array_start = .)
 *(SORT_BY_NAME(.init_array.*))
 *(.init_array)
 .init_array    0x0000000020000e28        0x4 /usr/lib/gcc/arm-none-eabi/9.2.1/thumb/v6-m/nofp/crtbegin.o
 .init_array    0x0000000020000e2c        0x4 CMakeFiles/SAM-M8Q.dir/home/jackmolter/pico/pico-sdk/src/rp2_common/pico_unique_id/unique_id.c.obj
                0x0000000020000e30                PROVIDE (__init_array_end = .)
                0x0000000020000e30                . = ALIGN (0x4)
                0x0000000020000e30                PROVIDE (__fini_array_start = .)
 *(SORT_BY_NAME(.fini_array.*))
 *(.fini_array)
                0x0000000020000e30                PROVIDE (__fini_array_end = .)
 *(.jcr)
                0x0000000020000e30                . = ALIGN (0x4)
                0x0000000020000e30                __data_end__ = .

.tm_clone_table
                0x0000000020000e30        0x0 load address 0x000000001000c1e0
 .tm_clone_table
                0x0000000020000e30        0x0 /usr/lib/gcc/arm-none-eabi/9.2.1/thumb/v6-m/nofp/crtbegin.o
 .tm_clone_table
                0x0000000020000e30        0x0 /usr/lib/gcc/arm-none-eabi/9.2.1/thumb/v6-m/nofp/crtend.o

.igot.plt       0x0000000020000e30        0x0 load address 0x000000001000c1e0
 .igot.plt      0x0000000020000e30        0x0 /usr/lib/gcc/arm-none-eabi/9.2.1/thumb/v6-m/nofp/crtbegin.o

.uninitialized_data
                0x0000000020000e30        0x0 load address 0x000000001000c1e0
                0x0000000020000e30                . = ALIGN (0x4)
 *(.uninitialized_data*)

.scratch_x      0x0000000020040000        0x0 load address 0x000000001000c1e0
                0x0000000020040000                __scratch_x_start__ = .
 *(.scratch_x.*)
                0x0000000020040000                . = ALIGN (0x4)
                0x0000000020040000                __scratch_x_end__ = .
                0x000000001000c1e0                __scratch_x_source__ = LOADADDR (.scratch_x)

.scratch_y      0x0000000020041000        0x0 load address 0x000000001000c1e0
                0x0000000020041000                __scratch_y_start__ = .
 *(.scratch_y.*)
                0x0000000020041000                . = ALIGN (0x4)
                0x0000000020041000                __scratch_y_end__ = .
                0x000000001000c1e0                __scratch_y_source__ = LOADADDR (.scratch_y)

.bss            0x0000000020000e30     0x1258
                0x0000000020000e30                . = ALIGN (0x4)
                0x0000000020000e30                __bss_start__ = .
 *(SORT_BY_ALIGNMENT(SORT_BY_NAME(.bss*)))
 .bss.default_alarm_pool_entries
                0x0000000020000e30      0x100 CMakeFiles/SAM-M8Q.dir/home/jackmolter/pico/pico-sdk/src/common/pico_time/time.c.obj
 .bss.last_avail_time.7161
                0x0000000020000f30        0x8 CMakeFiles/SAM-M8Q.dir/home/jackmolter/pico/pico-sdk/src/rp2_common/pico_stdio_usb/stdio_usb.c.obj
 .bss           0x0000000020000f38       0x1c /usr/lib/gcc/arm-none-eabi/9.2.1/thumb/v6-m/nofp/crtbegin.o
 .bss           0x0000000020000f54       0x34 /usr/lib/gcc/arm-none-eabi/9.2.1/../../../arm-none-eabi/lib/thumb/v6-m/nofp/libc.a(lib_a-mallocr.o)
                0x0000000020000f54                __malloc_top_pad
                0x0000000020000f58                __malloc_current_mallinfo
                0x0000000020000f80                __malloc_max_sbrked_mem
                0x0000000020000f84                __malloc_max_total_mem
 .bss._app_driver
                0x0000000020000f88        0x4 CMakeFiles/SAM-M8Q.dir/home/jackmolter/pico/pico-sdk/lib/tinyusb/src/device/usbd.c.obj
 .bss._cdcd_itf
                0x0000000020000f8c      0x2d8 CMakeFiles/SAM-M8Q.dir/home/jackmolter/pico/pico-sdk/lib/tinyusb/src/class/cdc/cdc_device.c.obj
 .bss._ctrl_xfer
                0x0000000020001264       0x14 CMakeFiles/SAM-M8Q.dir/home/jackmolter/pico/pico-sdk/lib/tinyusb/src/device/usbd_control.c.obj
 .bss._ubsd_mutexdef
                0x0000000020001278        0x8 CMakeFiles/SAM-M8Q.dir/home/jackmolter/pico/pico-sdk/lib/tinyusb/src/device/usbd.c.obj
 .bss._usbd_ctrl_buf
                0x0000000020001280       0x40 CMakeFiles/SAM-M8Q.dir/home/jackmolter/pico/pico-sdk/lib/tinyusb/src/device/usbd_control.c.obj
 .bss._usbd_dev
                0x00000000200012c0       0x53 CMakeFiles/SAM-M8Q.dir/home/jackmolter/pico/pico-sdk/lib/tinyusb/src/device/usbd.c.obj
 *fill*         0x0000000020001313        0x1 
 .bss._usbd_mutex
                0x0000000020001314        0x4 CMakeFiles/SAM-M8Q.dir/home/jackmolter/pico/pico-sdk/lib/tinyusb/src/device/usbd.c.obj
 .bss._usbd_q   0x0000000020001318        0x4 CMakeFiles/SAM-M8Q.dir/home/jackmolter/pico/pico-sdk/lib/tinyusb/src/device/usbd.c.obj
 .bss.alarm_callbacks
                0x000000002000131c       0x10 CMakeFiles/SAM-M8Q.dir/home/jackmolter/pico/pico-sdk/src/rp2_common/hardware_timer/timer.c.obj
 .bss.boot2_copyout
                0x000000002000132c      0x100 CMakeFiles/SAM-M8Q.dir/home/jackmolter/pico/pico-sdk/src/rp2_common/hardware_flash/flash.c.obj
 .bss.claimed   0x000000002000142c        0x4 CMakeFiles/SAM-M8Q.dir/home/jackmolter/pico/pico-sdk/src/rp2_common/hardware_sync/sync.c.obj
 .bss.configured_freq
                0x0000000020001430       0x28 CMakeFiles/SAM-M8Q.dir/home/jackmolter/pico/pico-sdk/src/rp2_common/hardware_clocks/clocks.c.obj
 .bss.default_alarm_pool_entry_ids_high
                0x0000000020001458       0x10 CMakeFiles/SAM-M8Q.dir/home/jackmolter/pico/pico-sdk/src/common/pico_time/time.c.obj
 .bss.default_alarm_pool_heap_nodes
                0x0000000020001468       0x30 CMakeFiles/SAM-M8Q.dir/home/jackmolter/pico/pico-sdk/src/common/pico_time/time.c.obj
 .bss.desc_str.7060
                0x0000000020001498       0x28 CMakeFiles/SAM-M8Q.dir/home/jackmolter/pico/pico-sdk/src/rp2_common/pico_stdio_usb/stdio_usb_descriptors.c.obj
 .bss.drivers   0x00000000200014c0        0x4 CMakeFiles/SAM-M8Q.dir/home/jackmolter/pico/pico-sdk/src/rp2_common/pico_stdio/stdio.c.obj
 .bss.filter    0x00000000200014c4        0x4 CMakeFiles/SAM-M8Q.dir/home/jackmolter/pico/pico-sdk/src/rp2_common/pico_stdio/stdio.c.obj
 .bss.heap_end.5846
                0x00000000200014c8        0x4 CMakeFiles/SAM-M8Q.dir/home/jackmolter/pico/pico-sdk/src/rp2_common/pico_runtime/runtime.c.obj
 .bss.hw_endpoints
                0x00000000200014cc      0x400 CMakeFiles/SAM-M8Q.dir/home/jackmolter/pico/pico-sdk/lib/tinyusb/src/portable/raspberrypi/rp2040/dcd_rp2040.c.obj
 .bss.lazy_vsnprintf
                0x00000000200018cc        0x4 CMakeFiles/SAM-M8Q.dir/home/jackmolter/pico/pico-sdk/src/rp2_common/pico_printf/printf.c.obj
 .bss.load_value
                0x00000000200018d0        0x4 CMakeFiles/SAM-M8Q.dir/home/jackmolter/pico/pico-sdk/src/rp2_common/hardware_watchdog/watchdog.c.obj
 .bss.next_buffer_ptr
                0x00000000200018d4        0x4 CMakeFiles/SAM-M8Q.dir/home/jackmolter/pico/pico-sdk/lib/tinyusb/src/portable/raspberrypi/rp2040/dcd_rp2040.c.obj
 .bss.pools     0x00000000200018d8       0x10 CMakeFiles/SAM-M8Q.dir/home/jackmolter/pico/pico-sdk/src/common/pico_time/time.c.obj
 .bss.retrieved_id
                0x00000000200018e8        0x8 CMakeFiles/SAM-M8Q.dir/home/jackmolter/pico/pico-sdk/src/rp2_common/pico_unique_id/unique_id.c.obj
 .bss.sf_clz_func
                0x00000000200018f0        0x4 CMakeFiles/SAM-M8Q.dir/home/jackmolter/pico/pico-sdk/src/rp2_common/pico_double/double_init_rom.c.obj
                0x00000000200018f0                sf_clz_func
 .bss.sleep_notifier
                0x00000000200018f4        0x4 CMakeFiles/SAM-M8Q.dir/home/jackmolter/pico/pico-sdk/src/common/pico_time/time.c.obj
 .bss.stdio_usb_mutex
                0x00000000200018f8        0x8 CMakeFiles/SAM-M8Q.dir/home/jackmolter/pico/pico-sdk/src/rp2_common/pico_stdio_usb/stdio_usb.c.obj
 .bss.target_hi
                0x0000000020001900       0x10 CMakeFiles/SAM-M8Q.dir/home/jackmolter/pico/pico-sdk/src/rp2_common/hardware_timer/timer.c.obj
 .bss.usbd_serial_str
                0x0000000020001910       0x11 CMakeFiles/SAM-M8Q.dir/home/jackmolter/pico/pico-sdk/src/rp2_common/pico_stdio_usb/stdio_usb_descriptors.c.obj
 .bss._app_driver_count
                0x0000000020001921        0x1 CMakeFiles/SAM-M8Q.dir/home/jackmolter/pico/pico-sdk/lib/tinyusb/src/device/usbd.c.obj
 .bss._usbd_initialized
                0x0000000020001922        0x1 CMakeFiles/SAM-M8Q.dir/home/jackmolter/pico/pico-sdk/lib/tinyusb/src/device/usbd.c.obj
 .bss.boot2_copyout_valid
                0x0000000020001923        0x1 CMakeFiles/SAM-M8Q.dir/home/jackmolter/pico/pico-sdk/src/rp2_common/hardware_flash/flash.c.obj
 .bss.claimed   0x0000000020001924        0x1 CMakeFiles/SAM-M8Q.dir/home/jackmolter/pico/pico-sdk/src/rp2_common/hardware_timer/timer.c.obj
 .bss.irq_hander_chain_free_slot_head
                0x0000000020001925        0x1 CMakeFiles/SAM-M8Q.dir/home/jackmolter/pico/pico-sdk/src/rp2_common/hardware_irq/irq.c.obj
 .bss.itf_num   0x0000000020001926        0x1 CMakeFiles/SAM-M8Q.dir/home/jackmolter/pico/pico-sdk/src/rp2_common/pico_stdio_usb/reset_interface.c.obj
 .bss.timer_callbacks_pending
                0x0000000020001927        0x1 CMakeFiles/SAM-M8Q.dir/home/jackmolter/pico/pico-sdk/src/rp2_common/hardware_timer/timer.c.obj
 *(COMMON)
 COMMON         0x0000000020001928      0x498 CMakeFiles/SAM-M8Q.dir/GPS.c.obj
                0x0000000020001928                hgps
                0x00000000200019d8                con
 COMMON         0x0000000020001dc0        0x4 CMakeFiles/SAM-M8Q.dir/home/jackmolter/pico/pico-sdk/src/rp2_common/hardware_uart/uart.c.obj
                0x0000000020001dc0                uart_char_to_line_feed
 COMMON         0x0000000020001dc4      0x100 CMakeFiles/SAM-M8Q.dir/home/jackmolter/pico/pico-sdk/src/rp2_common/pico_double/double_init_rom.c.obj
                0x0000000020001dc4                sd_table
 COMMON         0x0000000020001ec4      0x100 CMakeFiles/SAM-M8Q.dir/home/jackmolter/pico/pico-sdk/src/rp2_common/pico_float/float_init_rom.c.obj
                0x0000000020001ec4                sf_table
 COMMON         0x0000000020001fc4       0xc0 CMakeFiles/SAM-M8Q.dir/home/jackmolter/pico/pico-sdk/lib/tinyusb/src/device/usbd.c.obj
                0x0000000020001fc4                _usbd_qdef_buf
 COMMON         0x0000000020002084        0x4 /usr/lib/gcc/arm-none-eabi/9.2.1/../../../arm-none-eabi/lib/thumb/v6-m/nofp/libc.a(lib_a-reent.o)
                0x0000000020002084                errno
                0x0000000020002088                . = ALIGN (0x4)
                0x0000000020002088                __bss_end__ = .

.heap           0x0000000020002088      0x800
                0x0000000020002088                __end__ = .
                0x0000000020002088                end = __end__
 *(.heap*)
 .heap          0x0000000020002088      0x800 CMakeFiles/SAM-M8Q.dir/home/jackmolter/pico/pico-sdk/src/rp2_common/pico_standard_link/crt0.S.obj
                0x0000000020002888                __HeapLimit = .

.stack1_dummy   0x0000000020040000        0x0
 *(.stack1*)

.stack_dummy    0x0000000020041000      0x800
 *(.stack*)
 .stack         0x0000000020041000      0x800 CMakeFiles/SAM-M8Q.dir/home/jackmolter/pico/pico-sdk/src/rp2_common/pico_standard_link/crt0.S.obj

.flash_end      0x000000001000c1e0        0x0
                0x000000001000c1e0                __flash_binary_end = .
                0x0000000020040000                __StackLimit = (ORIGIN (RAM) + LENGTH (RAM))
                0x0000000020041000                __StackOneTop = (ORIGIN (SCRATCH_X) + LENGTH (SCRATCH_X))
                0x0000000020042000                __StackTop = (ORIGIN (SCRATCH_Y) + LENGTH (SCRATCH_Y))
                0x0000000020041000                __StackOneBottom = (__StackOneTop - SIZEOF (.stack1_dummy))
                0x0000000020041800                __StackBottom = (__StackTop - SIZEOF (.stack_dummy))
                0x0000000020042000                PROVIDE (__stack = __StackTop)
                0x0000000000000001                ASSERT ((__StackLimit >= __HeapLimit), region RAM overflowed)
                0x0000000000000001                ASSERT (((__binary_info_header_end - __logical_binary_start) <= 0x100), Binary info must be in first 256 bytes of the binary)
LOAD CMakeFiles/SAM-M8Q.dir/GPS.c.obj
LOAD CMakeFiles/SAM-M8Q.dir/lwgps.c.obj
LOAD CMakeFiles/SAM-M8Q.dir/home/jackmolter/pico/pico-sdk/src/rp2_common/pico_stdlib/stdlib.c.obj
LOAD CMakeFiles/SAM-M8Q.dir/home/jackmolter/pico/pico-sdk/src/rp2_common/hardware_gpio/gpio.c.obj
LOAD CMakeFiles/SAM-M8Q.dir/home/jackmolter/pico/pico-sdk/src/rp2_common/hardware_claim/claim.c.obj
LOAD CMakeFiles/SAM-M8Q.dir/home/jackmolter/pico/pico-sdk/src/rp2_common/pico_platform/platform.c.obj
LOAD CMakeFiles/SAM-M8Q.dir/home/jackmolter/pico/pico-sdk/src/rp2_common/hardware_sync/sync.c.obj
LOAD CMakeFiles/SAM-M8Q.dir/home/jackmolter/pico/pico-sdk/src/rp2_common/hardware_uart/uart.c.obj
LOAD CMakeFiles/SAM-M8Q.dir/home/jackmolter/pico/pico-sdk/src/rp2_common/hardware_divider/divider.S.obj
LOAD CMakeFiles/SAM-M8Q.dir/home/jackmolter/pico/pico-sdk/src/common/pico_time/time.c.obj
LOAD CMakeFiles/SAM-M8Q.dir/home/jackmolter/pico/pico-sdk/src/common/pico_time/timeout_helper.c.obj
LOAD CMakeFiles/SAM-M8Q.dir/home/jackmolter/pico/pico-sdk/src/rp2_common/hardware_timer/timer.c.obj
LOAD CMakeFiles/SAM-M8Q.dir/home/jackmolter/pico/pico-sdk/src/common/pico_sync/sem.c.obj
LOAD CMakeFiles/SAM-M8Q.dir/home/jackmolter/pico/pico-sdk/src/common/pico_sync/lock_core.c.obj
LOAD CMakeFiles/SAM-M8Q.dir/home/jackmolter/pico/pico-sdk/src/common/pico_sync/mutex.c.obj
LOAD CMakeFiles/SAM-M8Q.dir/home/jackmolter/pico/pico-sdk/src/common/pico_sync/critical_section.c.obj
LOAD CMakeFiles/SAM-M8Q.dir/home/jackmolter/pico/pico-sdk/src/common/pico_util/datetime.c.obj
LOAD CMakeFiles/SAM-M8Q.dir/home/jackmolter/pico/pico-sdk/src/common/pico_util/pheap.c.obj
LOAD CMakeFiles/SAM-M8Q.dir/home/jackmolter/pico/pico-sdk/src/common/pico_util/queue.c.obj
LOAD CMakeFiles/SAM-M8Q.dir/home/jackmolter/pico/pico-sdk/src/rp2_common/pico_runtime/runtime.c.obj
LOAD CMakeFiles/SAM-M8Q.dir/home/jackmolter/pico/pico-sdk/src/rp2_common/hardware_clocks/clocks.c.obj
LOAD CMakeFiles/SAM-M8Q.dir/home/jackmolter/pico/pico-sdk/src/rp2_common/hardware_irq/irq.c.obj
LOAD CMakeFiles/SAM-M8Q.dir/home/jackmolter/pico/pico-sdk/src/rp2_common/hardware_irq/irq_handler_chain.S.obj
LOAD CMakeFiles/SAM-M8Q.dir/home/jackmolter/pico/pico-sdk/src/rp2_common/hardware_pll/pll.c.obj
LOAD CMakeFiles/SAM-M8Q.dir/home/jackmolter/pico/pico-sdk/src/rp2_common/hardware_vreg/vreg.c.obj
LOAD CMakeFiles/SAM-M8Q.dir/home/jackmolter/pico/pico-sdk/src/rp2_common/hardware_watchdog/watchdog.c.obj
LOAD CMakeFiles/SAM-M8Q.dir/home/jackmolter/pico/pico-sdk/src/rp2_common/hardware_xosc/xosc.c.obj
LOAD CMakeFiles/SAM-M8Q.dir/home/jackmolter/pico/pico-sdk/src/rp2_common/pico_printf/printf.c.obj
LOAD CMakeFiles/SAM-M8Q.dir/home/jackmolter/pico/pico-sdk/src/rp2_common/pico_bit_ops/bit_ops_aeabi.S.obj
LOAD CMakeFiles/SAM-M8Q.dir/home/jackmolter/pico/pico-sdk/src/rp2_common/pico_bootrom/bootrom.c.obj
LOAD CMakeFiles/SAM-M8Q.dir/home/jackmolter/pico/pico-sdk/src/rp2_common/pico_divider/divider.S.obj
LOAD CMakeFiles/SAM-M8Q.dir/home/jackmolter/pico/pico-sdk/src/rp2_common/pico_double/double_aeabi.S.obj
LOAD CMakeFiles/SAM-M8Q.dir/home/jackmolter/pico/pico-sdk/src/rp2_common/pico_double/double_init_rom.c.obj
LOAD CMakeFiles/SAM-M8Q.dir/home/jackmolter/pico/pico-sdk/src/rp2_common/pico_double/double_math.c.obj
LOAD CMakeFiles/SAM-M8Q.dir/home/jackmolter/pico/pico-sdk/src/rp2_common/pico_double/double_v1_rom_shim.S.obj
LOAD CMakeFiles/SAM-M8Q.dir/home/jackmolter/pico/pico-sdk/src/rp2_common/pico_int64_ops/pico_int64_ops_aeabi.S.obj
LOAD CMakeFiles/SAM-M8Q.dir/home/jackmolter/pico/pico-sdk/src/rp2_common/pico_float/float_aeabi.S.obj
LOAD CMakeFiles/SAM-M8Q.dir/home/jackmolter/pico/pico-sdk/src/rp2_common/pico_float/float_init_rom.c.obj
LOAD CMakeFiles/SAM-M8Q.dir/home/jackmolter/pico/pico-sdk/src/rp2_common/pico_float/float_math.c.obj
LOAD CMakeFiles/SAM-M8Q.dir/home/jackmolter/pico/pico-sdk/src/rp2_common/pico_float/float_v1_rom_shim.S.obj
LOAD CMakeFiles/SAM-M8Q.dir/home/jackmolter/pico/pico-sdk/src/rp2_common/pico_malloc/pico_malloc.c.obj
LOAD CMakeFiles/SAM-M8Q.dir/home/jackmolter/pico/pico-sdk/src/rp2_common/pico_mem_ops/mem_ops_aeabi.S.obj
LOAD CMakeFiles/SAM-M8Q.dir/home/jackmolter/pico/pico-sdk/src/rp2_common/pico_standard_link/crt0.S.obj
LOAD CMakeFiles/SAM-M8Q.dir/home/jackmolter/pico/pico-sdk/src/rp2_common/pico_standard_link/new_delete.cpp.obj